Building for debugging...
[Computing dependencies]
[Using on-disk description]
[1 / 1]
[1 / 50] ChatBotsCoreTests-product
[6 / 290] swift-transformers_Hub
[19 / 300] ArgumentParserToolInfo
[24 / 320] MLXHuggingFaceMacros
[29 / 335] _NumericsShims
[39 / 347] RealModule
[44 / 347] EventSource
[52 / 355] WebTransportCryptoApple
[57 / 377] WebTransportTLSCore
[58 / 380] WebTransportQUICCore
[68 / 380] WebTransportTLSCore
[73 / 381] WebTransportTLSCore
[75 / 381] WebTransportTLSCore
[78 / 382] WebTransportHTTP3Core
[83 / 382] WebTransportHTTP3Core
[88 / 382] WebTransportQUICCore
[90 / 382] WebTransportTLSCore
[94 / 384] WebTransportUDPApple
[99 / 389] ComplexModule
[102 / 398] RealModule
[104 / 404] RealModule
[109 / 404] WebTransportHTTP3Core
[120 / 406] WebTransportNetworkRuntime
[125 / 410] OrderedCollections
[126 / 410] MLXHuggingFaceMacros
[131 / 421] WebTransport
[133 / 421] WebTransportHTTP3Core
[136 / 422] MLXHuggingFaceMacros
[140 / 422] OrderedCollections
[143 / 422] OrderedCollections
[145 / 422] InternalCollectionsUtilities
[147 / 422] EventSource
[154 / 424] HuggingFace
[156 / 424] Crypto
[158 / 424] Crypto
[161 / 426] OrderedCollections
[168 / 437] Jinja
[171 / 437] Jinja
[174 / 446] Jinja
[178 / 447] Jinja
[180 / 447] Jinja
[183 / 447] Jinja
[184 / 447] Jinja
[186 / 447] HuggingFace
[192 / 448] HuggingFace
[196 / 452] Numerics
[200 / 454] Numerics
[204 / 456]
[212 / 466] yyjson
[218 / 466] RealModule
[223 / 466] OrderedCollections
[225 / 475] ArgumentParser
[227 / 475] Hub
[228 / 475] Crypto
[232 / 477] Hub
[237 / 480] Tokenizers
[240 / 480] ArgumentParser
[242 / 482] ArgumentParser
[245 / 491] Tokenizers
[248 / 497] encuda-product
[252 / 497] encuda-product
[257 / 497] Tokenizers
[262 / 497] encuda-product
[263 / 497] HuggingFace
[266 / 497] ArgumentParser
[267 / 497] Tokenizers
[272 / 497] WebTransport
[272 / 497] Tokenizers
[274 / 497] ArgumentParser
[277 / 498] encuda-product
[288 / 501] Cmlx
[289 / 510] Cmlx
[291 / 510] Cmlx
[297 / 512] Cmlx
[300 / 512] Cmlx
[303 / 512] Cmlx
[305 / 512] Cmlx
[306 / 512] Cmlx
[310 / 512] Cmlx
[311 / 512] Cmlx
[312 / 512] Cmlx
[316 / 512] Cmlx
[317 / 512] Cmlx
[321 / 512] Cmlx
[324 / 512] Cmlx
[328 / 512] Cmlx
[331 / 512] Cmlx
[332 / 512] Cmlx
[334 / 512] Cmlx
[335 / 512] Cmlx
[339 / 512] Cmlx
[340 / 512] Cmlx
[342 / 512] Cmlx
[343 / 512] Cmlx
[345 / 512] Cmlx
[348 / 512] Cmlx
[349 / 512] Cmlx
[352 / 512] Cmlx
[355 / 512] Cmlx
[357 / 512] Cmlx
[358 / 512] Cmlx
[359 / 512] Cmlx
[361 / 512] Cmlx
[362 / 512] Cmlx
[363 / 512] Cmlx
[366 / 512] Cmlx
[367 / 512] Cmlx
[371 / 512] Cmlx
[374 / 512] Cmlx
[375 / 512] Cmlx
[380 / 512] Cmlx
[381 / 512] Cmlx
[382 / 512] Cmlx
[384 / 512] Cmlx
[385 / 512] Cmlx
[387 / 512] Cmlx
[389 / 512] Cmlx
[390 / 512] Cmlx
[392 / 512] Cmlx
[393 / 512] Cmlx
[394 / 512] Cmlx
[397 / 512] Cmlx
[398 / 512] Cmlx
[399 / 512] Cmlx
[403 / 512] Cmlx
[406 / 512] Cmlx
[408 / 512] Cmlx
[409 / 512] Cmlx
[411 / 512] Cmlx
[412 / 512] Cmlx
[416 / 512] Cmlx
[417 / 512] Cmlx
[418 / 512] Cmlx
[420 / 512] Cmlx
[421 / 512] Cmlx
[422 / 512] Cmlx
[423 / 512] Cmlx
[424 / 512] Cmlx
[425 / 512] Cmlx
[428 / 512] Cmlx
[429 / 512] Cmlx
[431 / 512] Cmlx
[432 / 512] Cmlx
[434 / 512] Cmlx
[435 / 512] Cmlx
[437 / 512] Cmlx
[438 / 512] Cmlx
[440 / 512] Cmlx
[442 / 512] Cmlx
[444 / 512] Cmlx
[447 / 512] Cmlx
[448 / 512] Cmlx
[449 / 512] Cmlx
[450 / 512] Cmlx
[451 / 512] Cmlx
[453 / 512] Cmlx
[457 / 512] Cmlx
[458 / 512] Cmlx
[459 / 512] Cmlx
[463 / 512] mlx-swift_Cmlx
warning: missing creator for mutated node: ('/Users/node1/Downloads/ChatBots/.build/out/Products/Debug/mlx-swift_Cmlx.bundle/Contents/MacOS')
[465 / 511] MLX
[466 / 511] MLX
[467 / 511] MLX
[469 / 511] MLX
[472 / 513] MLX
[475 / 522] Cmlx
[476 / 522] MLXNN
[479 / 522] MLX
[486 / 524] MLXNN
[488 / 526] Cmlx
[491 / 529] Cmlx
[495 / 532] MLXNN
[495 / 532] MLXLMCommon
[500 / 541] MLXLMCommon
[505 / 541] MLXLMCommon
[506 / 541] MLXLMCommon
[512 / 548] MLXLLM
[513 / 557] MLXVLM
[514 / 557] MLXVLM
[514 / 566] MLXLMCommon
[517 / 566] MLXVLM
[517 / 566] MLXLMCommon
[519 / 566] MLXVLM
[520 / 566] MLXVLM
[523 / 568] MLXVLM
[527 / 568] MLXVLM
[528 / 568] MLXLLM
[529 / 568] Cmlx
[531 / 570] Cmlx
[534 / 570] MLXLLM
[536 / 570] MLXLLM
[538 / 570] MLXLLM
[538 / 570] Cmlx
[539 / 570] Cmlx
[542 / 573] MLX
[544 / 575] MLXHuggingFace
[544 / 575] MLX
[550 / 579] MLXVLM
[552 / 579] MLXLMCommon
[554 / 579] MLXLLM
[556 / 590]
[561 / 590] ChatBotsCore
[562 / 590] ChatBotsCore
[563 / 590] ChatBotsCore
[564 / 590] ChatBotsCore
[570 / 600] ChatBotsCore
[572 / 600] chatbots-cli-product
[572 / 602] chatbots-cli-product
[574 / 611] chatbots-cli-product
[575 / 611] ChatBots-product
[579 / 620] ChatBots-product
[580 / 620] chatbots-cli-product
[582 / 629] chatbots-probe-product
[586 / 629] chatbots-cli-product
[589 / 629] ChatBots-product
[591 / 629] ChatBots-product
[592 / 629] ChatBots-product
[592 / 629] chatbots-cli-product
[594 / 629] ChatBotsCore
[596 / 629] ChatBots-product
[601 / 629] ChatBots
[602 / 629] ChatBots
[602 / 629] ChatBots-product
[604 / 629] ChatBots-product
[605 / 629] ChatBots-product
[606 / 630] ChatBots
[608 / 630] ChatBots-product
[610 / 633] ChatBotsCoreTests-product
[612 / 633] chatbots-cli-product
[613 / 633] ChatBotsCoreTests-product
[615 / 633] ChatBotsCoreTests-product
[615 / 633] chatbots-cli-product
[617 / 635] ChatBots
[619 / 635] ChatBotsCoreTests-product
[625 / 644] ChatBotsCoreTests-product
[626 / 644] ChatBotsCoreTests-product
[626 / 644] ChatBots
[627 / 644] ChatBotsCoreTests-product
[628 / 644] ChatBots-product
[630 / 644] ChatBots
[631 / 646] ChatBots-product
[634 / 642] ChatBotsAppTests-product
[635 / 651] ChatBotsCoreTests-product
[637 / 651] ChatBotsAppTests-product
[638 / 651] ChatBotsAppTests-product
[639 / 651] ChatBotsAppTests-product
[640 / 651] ChatBotsAppTests-product
[641 / 651] ChatBotsAppTests-product
[643 / 651] ChatBotsCoreTests-product
[645 / 653] ChatBotsCoreTests-product
[646 / 653] ChatBotsAppTests-product
[649 / 655] ChatBotsAppTests-product
[649 / 655] ChatBotsCoreTests-product
[649 / 655] ChatBotsAppTests-product
[651 / 658] ChatBotsCoreTests-product
[651 / 658] ChatBotsAppTests-product
[652 / 658] ChatBotsAppTests-product
[653 / 658] ChatBotsAppTests-product
[654 / 658] chatbots-cli-product
[656 / 659] ChatBotsCoreTests-product
[657 / 660] ChatBotsCoreTests-product
[659 / 663] ChatBotsCoreTests-product
[660 / 663] ChatBotsCoreTests-product
[661 / 663] ChatBotsCoreTests-product
Build complete! (100,95 secs)
EXIT=0
