Building for debugging...
[Computing dependencies]
[Using on-disk description]
[1 / 1]
[1 / 59] WebTransportQUICCore
[8 / 305] Cmlx
[18 / 298] yyjson
[21 / 310] InternalCollectionsUtilities
[25 / 320] MLXHuggingFaceMacros
[30 / 335] _NumericsShims
[41 / 347] WebTransportQUICCore
[46 / 348] Crypto
[53 / 357] WebTransportHTTP3Core
[55 / 366] WebTransportQUICCore
[63 / 377] WebTransportHTTP3Core
[64 / 380] WebTransportUDPApple
[69 / 381] WebTransportQUICCore
[73 / 381] WebTransportTLSCore
[76 / 381] WebTransportQUICCore
[79 / 381] WebTransportTLSCore
[83 / 382] WebTransportHTTP3Core
[87 / 382] WebTransportHTTP3Core
[89 / 382] WebTransportHTTP3Core
[95 / 384] WebTransportCryptoApple
[98 / 386] RealModule
[107 / 403] ComplexModule
[111 / 403] WebTransportNetworkRuntime
[113 / 403] WebTransportNetworkRuntime
[120 / 404] ComplexModule
[123 / 408] ComplexModule
[127 / 410] WebTransport
[130 / 413] InternalCollectionsUtilities
[134 / 413] OrderedCollections
[140 / 422] OrderedCollections
[142 / 422] WebTransport
[146 / 422] OrderedCollections
[150 / 422] EventSource
[152 / 422] Crypto
[155 / 424] Crypto
[156 / 424] Crypto
[159 / 424] Crypto
[162 / 433] HuggingFace
[164 / 433] HuggingFace
[166 / 433] HuggingFace
[167 / 433] WebTransportNetworkRuntime
[170 / 435] HuggingFace
[178 / 437] Numerics
[179 / 441] HuggingFace
[183 / 441] Numerics
[188 / 451] Jinja
[188 / 451] Numerics
[190 / 451] Jinja
[191 / 451] HuggingFace
[194 / 452] Jinja
[195 / 452] Jinja
[197 / 452] Jinja
[201 / 453] HuggingFace
[204 / 455] ArgumentParserToolInfo
[209 / 466] yyjson
[215 / 466] Crypto
[217 / 475] Jinja
[218 / 475] Hub
[224 / 477] Hub
[226 / 479] Tokenizers
[226 / 479] EventSource
[229 / 479] ArgumentParserToolInfo
[236 / 488] Tokenizers
[238 / 488] Tokenizers
[239 / 488] ArgumentParser
[243 / 489] Tokenizers
[245 / 489] Tokenizers
[247 / 489] Tokenizers
[250 / 491] encuda-product
[253 / 491]
[256 / 497] encuda-product
[258 / 497] encuda-product
[261 / 497] WebTransportTLSCore
[266 / 497] ComplexModule
[273 / 497] ArgumentParser
[274 / 497] ArgumentParser
[277 / 498] encuda-product
[288 / 501] MLX
[290 / 510] MLX
[294 / 512] MLX
[296 / 512] Cmlx
[297 / 512] Cmlx
[300 / 512] Cmlx
[302 / 512] Cmlx
[304 / 512] Cmlx
[310 / 512] Cmlx
[312 / 512] Cmlx
[323 / 512] Cmlx
[329 / 512] Cmlx
[331 / 512] Cmlx
[332 / 512] Cmlx
[333 / 512] Cmlx
[334 / 512] Cmlx
[336 / 512] Cmlx
[338 / 512] Cmlx
[339 / 512] Cmlx
[342 / 512] Cmlx
[344 / 512] Cmlx
[345 / 512] Cmlx
[347 / 512] Cmlx
[350 / 512] Cmlx
[352 / 512] Cmlx
[356 / 512] Cmlx
[358 / 512] Cmlx
[360 / 512] Cmlx
[361 / 512] Cmlx
[362 / 512] Cmlx
[364 / 512] Cmlx
[366 / 512] Cmlx
[367 / 512] Cmlx
[369 / 512] Cmlx
[371 / 512] Cmlx
[373 / 512] Cmlx
[377 / 512] Cmlx
[378 / 512] Cmlx
[381 / 512] Cmlx
[383 / 512] Cmlx
[385 / 512] Cmlx
[386 / 512] Cmlx
[387 / 512] Cmlx
[388 / 512] Cmlx
[390 / 512] Cmlx
[392 / 512] Cmlx
[394 / 512] Cmlx
[397 / 512] Cmlx
[398 / 512] Cmlx
[400 / 512] Cmlx
[402 / 512] Cmlx
[406 / 512] Cmlx
[408 / 512] Cmlx
[410 / 512] Cmlx
[413 / 512] Cmlx
[414 / 512] Cmlx
[417 / 512] Cmlx
[418 / 512] Cmlx
[419 / 512] Cmlx
[421 / 512] Cmlx
[423 / 512] Cmlx
[426 / 512] Cmlx
[428 / 512] Cmlx
[430 / 512] Cmlx
[431 / 512] Cmlx
[432 / 512] Cmlx
[434 / 512] Cmlx
[436 / 512] Cmlx
[437 / 512] Cmlx
[438 / 512] Cmlx
[439 / 512] Cmlx
[440 / 512] Cmlx
[441 / 512] Cmlx
[444 / 512] Cmlx
[446 / 512] Cmlx
[448 / 512] Cmlx
[449 / 512] Cmlx
[450 / 512] Cmlx
[452 / 512] Cmlx
[453 / 512] Cmlx
[454 / 512] Cmlx
[456 / 512] Cmlx
[460 / 512] Cmlx
[461 / 512] Cmlx
[463 / 512] Cmlx
[464 / 512] Cmlx
warning: missing creator for mutated node: ('/Users/node1/Downloads/ChatBots/.build/out/Products/Debug/mlx-swift_Cmlx.bundle/Contents/MacOS')
[466 / 511] Cmlx
[469 / 513] MLX
[470 / 522] Cmlx
[472 / 522] MLXNN
[473 / 522] MLXNN
[476 / 522] MLXNN
[479 / 524] MLX
[483 / 526] MLXNN
[485 / 526] MLX
[488 / 529] MLXOptimizers
[489 / 529] MLXOptimizers
[491 / 530] MLXOptimizers
[495 / 532] Cmlx
[499 / 541] MLX
[502 / 541] MLX
[503 / 541] MLXLMCommon
[504 / 541] MLXLMCommon
[509 / 543] MLXLMCommon
[511 / 548] MLXLLM
[513 / 557] MLXVLM
[514 / 557] MLXVLM
[514 / 566] MLXLMCommon
[516 / 566] MLXVLM
[519 / 566] MLXVLM
[520 / 566] MLXVLM
[521 / 568] MLXVLM
[526 / 568] MLXVLM
[528 / 568] MLXLLM
[528 / 568] MLXVLM
[530 / 570] MLXLLM
[533 / 570] MLXLLM
[534 / 570] MLXVLM
[537 / 570] MLXLLM
[540 / 570] MLX
[545 / 573] MLXLMCommon
[545 / 573] MLXHuggingFace
[547 / 575] MLXVLM
[549 / 575] MLXHuggingFace
[554 / 579] ChatBotsCore
[556 / 590]
[559 / 590] MLXLLM
[561 / 590] MLXLLM
[563 / 590] ChatBotsCore
[564 / 590] ChatBotsCore
[568 / 590] ChatBotsCore
[572 / 600] chatbots-cli-product
[574 / 602] ChatBots-product
[574 / 602] ChatBotsCore
[577 / 611] chatbots-cli-product
[578 / 611] chatbots-probe-product
[580 / 621] ChatBots
[581 / 629] ChatBots
[581 / 629] chatbots-cli-product
[584 / 629] chatbots-cli-product
[585 / 629] chatbots-cli-product
[586 / 629] chatbots-cli-product
[588 / 629] chatbots-cli-product
[590 / 629] ChatBots-product
[592 / 629] ChatBots-product
[593 / 629] ChatBots
[594 / 629] ChatBots-product
[598 / 629] ChatBots-product
[601 / 629] ChatBots-product
[604 / 629] ChatBots
[605 / 629] ChatBots
[607 / 630] ChatBots-product
[608 / 630] ChatBots-product
[610 / 636] ChatBots
[612 / 633] ChatBots
[613 / 633] ChatBots-product
[617 / 633] ChatBotsCore-product
[619 / 635] ChatBots
[619 / 635] ChatBotsCoreTests-product
[625 / 644] ChatBotsCoreTests-product
[626 / 644] ChatBotsCoreTests-product
[627 / 644] ChatBotsCoreTests-product
[628 / 644] ChatBots-product
[630 / 644] ChatBots
[631 / 646] ChatBots-product
[634 / 642] ChatBotsAppTests-product
[635 / 651] ChatBotsCoreTests-product
[637 / 651] ChatBotsAppTests-product
[638 / 651] ChatBotsAppTests-product
[640 / 651] ChatBotsAppTests-product
[642 / 651] chatbots-cli-product
[644 / 653] ChatBotsAppTests-product
[646 / 653] ChatBotsAppTests-product
[651 / 658] ChatBotsCoreTests-product
[652 / 658] ChatBotsAppTests-product
[653 / 658] ChatBotsAppTests-product
[654 / 658] chatbots-cli-product
[656 / 659] chatbots-probe-product
[657 / 660] ChatBotsCoreTests-product
[659 / 663] ChatBotsCoreTests-product
[661 / 663] ChatBotsCoreTests-product
Build complete! (87,26 secs)
error: Process '/Applications/Xcode.app/Contents/Developer/Toolchains/XcodeDefault.xctoolchain/usr/libexec/swift/pm/swiftpm-testing-helper --test-bundle-path /Users/node1/Downloads/ChatBots/.build/out/Products/Debug/ChatBotsCoreTests.xctest/Contents/MacOS/ChatBotsCoreTests --filter DeviceResolutionTests /Users/node1/Downloads/ChatBots/.build/out/Products/Debug/ChatBotsCoreTests.xctest/Contents/MacOS/ChatBotsCoreTests --testing-library swift-testing' exited with unexpected signal code 5
◇ Test run started.
↳ Testing Library Version: 2084
↳ Target Platform: arm64e-apple-macos14.0
◇ Suite "Resolving an unknown screen" started.
◇ Test "A device unlike anything listed resolves to nothing, so width rules take over" started.
◇ Test "Tablets are matched as tablets, not as large phones" started.
◇ Test "A wide screen is treated as a desktop" started.
◇ Test "An absurd viewport is admitted as unknown rather than trapping the process" started.
◇ Test "A desktop is not matched against phones, however narrow the window" started.
◇ Test "A near miss resolves to the closest device of the same class" started.
◇ Test "An exact match is returned as itself" started.
Note: Some test targets reported failures:
  - ChatBotsCoreTests (Swift Testing)
EXIT=1
