mac-checks commit: cf9f3e5bf88e2958bd0662f1c29396b67b13cb77

=== 1/9  file sizes: tracked code ===
PASS  file sizes: every code file is within 500 lines

=== 2/9  build: products and tests, warnings are errors ===
PASS  build: swift build --build-tests

=== 3/9  tests: the full suite ===
      1084 tests in 197 suites
PASS  tests: 1084 tests in 197 suites

=== 4/9  coverage: Sources/ ===
      TOTAL                                                                6735              2615    61.17%        2567              1075    58.12%       21170              9915    53.16%           0                 0         -
PASS  coverage: TOTAL                                                                6735              2615    61.17%        2567              1075    58.12%       21170              9915    53.16%           0                 0         -

=== 5/9  swiftlint: Sources, Tests ===
PASS  swiftlint: 209 finding(s), within the recorded waiver of 211

=== 6/9  swift-format lint: Sources, Tests ===
PASS  swift-format: 411 diagnostic(s), within the recorded waiver of 413

=== 7/9  web: the rules the page runs ===
PASS  web: deltas merge (34 cases)
PASS  web: the verdict rule (12 cases)

=== 8/9  web toolchain: eslint and prettier ===
PASS  eslint: web/ and the web check scripts
PASS  prettier: web/ and the web check scripts

=== 9/9  identity: the version and its mirrors ===
PASS  identity: 1.0 is stated once and agrees everywhere

=== summary ===
PASS  file sizes: every code file is within 500 lines
PASS  build: swift build --build-tests
PASS  tests: 1084 tests in 197 suites
PASS  coverage: TOTAL                                                                6735              2615    61.17%        2567              1075    58.12%       21170              9915    53.16%           0                 0         -
PASS  swiftlint: 209 finding(s), within the recorded waiver of 211
PASS  swift-format: 411 diagnostic(s), within the recorded waiver of 413
PASS  web: deltas merge (34 cases)
PASS  web: the verdict rule (12 cases)
PASS  eslint: web/ and the web check scripts
PASS  prettier: web/ and the web check scripts
PASS  identity: 1.0 is stated once and agrees everywhere

All 9 Mac-only gates passed.
EXIT=0
