
=== 1/7  file sizes: tracked code ===
PASS  file sizes: every code file is within 500 lines

=== 2/7  build: products and tests, warnings are errors ===
PASS  build: swift build --build-tests

=== 3/7  tests: the full suite ===
      1052 tests in 195 suites
PASS  tests: 1052 tests in 195 suites

=== 4/7  coverage: Sources/ ===
      TOTAL                                                                6515              2573    60.51%        2523              1074    57.43%       20628              9843    52.28%           0                 0         -
PASS  coverage: TOTAL                                                                6515              2573    60.51%        2523              1074    57.43%       20628              9843    52.28%           0                 0         -

=== 5/7  swiftlint: Sources, Tests ===
PASS  swiftlint: 215 finding(s), within the recorded waiver of 217

=== 6/7  swift-format lint: Sources, Tests ===
PASS  swift-format: 439 diagnostic(s), within the recorded waiver of 444

=== 7/7  web: the rules the page runs ===
PASS  web: deltas merge (34 cases)
PASS  web: the verdict rule (12 cases)

=== 8/8  identity: the version and its mirrors ===
PASS  identity: 1.0 is stated once and agrees everywhere

=== summary ===
PASS  file sizes: every code file is within 500 lines
PASS  build: swift build --build-tests
PASS  tests: 1052 tests in 195 suites
PASS  coverage: TOTAL                                                                6515              2573    60.51%        2523              1074    57.43%       20628              9843    52.28%           0                 0         -
PASS  swiftlint: 215 finding(s), within the recorded waiver of 217
PASS  swift-format: 439 diagnostic(s), within the recorded waiver of 444
PASS  web: deltas merge (34 cases)
PASS  web: the verdict rule (12 cases)
PASS  identity: 1.0 is stated once and agrees everywhere

All 8 Mac-only gates passed.
EXIT=0
