Building for debugging...
[Computing dependencies]
[Provisioning 1 / 64]
[1 / 12] ChatBots
[3 / 14] ChatBots-product
[5 / 13] ChatBotsAppTests-product
[10 / 16] ChatBotsCoreTests-product
[17 / 25] ChatBotsCoreTests-product
[18 / 25] ChatBotsAppTests-product
[20 / 25] ChatBotsAppTests-product
[21 / 28] ChatBotsAppTests-product
[23 / 30] ChatBotsAppTests-product
[24 / 30] ChatBotsCoreTests-product
[24 / 30] chatbots-cli-product
[26 / 31] chatbots-probe-product
[27 / 32] ChatBotsCoreTests-product
[33 / 37] ChatBotsCoreTests-product
[35 / 37] ChatBotsCoreTests-product
warning: missing creator for mutated node: ('/Users/node1/Downloads/ChatBots/.build/out/Products/Debug/mlx-swift_Cmlx.bundle/Contents/MacOS')
Build complete! (8,60 secs)
EXIT=0
