               
               
┌─────────────┐
│ Scan Status │
└─────────────┘
  Scanning 101 files tracked by git with 1074 Code rules:
                                                                                                                        
  Language      Rules   Files          Origin      Rules                                                                
 ─────────────────────────────        ───────────────────                                                               
  <multilang>      60     101          Community    1074                                                                
  swift             2      75                                                                                           
  bash              4      12                                                                                           
  python          243       7                                                                                           
  js              153       5                                                                                           
  html              1       1                                                                                           
                                                                                                                        
                
                
┌──────────────┐
│ Scan Summary │
└──────────────┘
✅ Scan completed successfully.
 • Findings: 3 (3 blocking)
 • Rules run: 461
 • Targets scanned: 101
 • Parsed lines: ~100.0%
 • Scan skipped: 
   ◦ Files larger than  files 1.0 MB: 1
 • Scan was limited to files tracked by git
 • For a detailed list of skipped files and lines, run semgrep with the --verbose flag
Ran 461 rules on 101 files: 3 findings.

A new version of Semgrep is available. See https://semgrep.dev/docs/upgrading
