# A139 — the cloud API key in the preferences plist (2026-09-15T14:54:20Z)

## 1. before: the only writer of settings encoded the whole struct
$ git show HEAD:Sources/ChatBotsCore/UserSettings.swift | grep -n 'func encoded' -A 3
  130:    public func encoded() -> Data? {
  131-        try? JSONEncoder().encode(self)
  132-    }
  133-
$ git show HEAD:Sources/ChatBotsApp/APIEndpointStore.swift | grep -n 'apiKey = nil'
  115:        template.apiKey = nil
  118:            copy.apiKey = nil
  136:            copy.apiKey = nil
  (the store nils the key when it copies an endpoint; the persistence path did not)

$ swift test --filter SettingsSecretsTests   # before
  ✔ Test "Clearing the keys leaves the original settings usable" passed after 0.001 seconds.
  ✘ Test "Every seat is cleared, not just the first" recorded an issue at AuditS2SettingsSecretsTests.swift:65:9: Expectation failed: !text.contains("another-key"
  ✘ Test "The encoded payload does not contain the key" recorded an issue at AuditS2SettingsSecretsTests.swift:33:9: Expectation failed: !text.contains(key)
  ✘ Test "Every seat is cleared, not just the first" failed after 0.008 seconds with 1 issue.
  ✘ Test "The encoded payload does not contain the key" recorded an issue at AuditS2SettingsSecretsTests.swift:34:9: Expectation failed: !text.contains("sk-not-a-
  ✘ Test "The encoded payload does not contain the key" failed after 0.008 seconds with 2 issues.
  ✘ Test "Everything that is not a secret still round-trips" recorded an issue at AuditS2SettingsSecretsTests.swift:50:9: Expectation failed: restored.seats[0].op
  ✘ Test "Everything that is not a secret still round-trips" failed after 0.008 seconds with 1 issue.
  ✘ Test run with 4 tests in 1 suite failed after 0.008 seconds with 4 issues.

## 2. after
$ grep -n 'withoutSecrets' Sources/ChatBotsCore/UserSettings.swift
  138:        try? JSONEncoder().encode(withoutSecrets())
  145:    public func withoutSecrets() -> UserSettings {
$ swift test --filter SettingsSecretsTests   # after
  ✔ Test run with 4 tests in 1 suite passed after 0.001 seconds.

## 3. a key already in a plist, and the load path
$ swift test --filter SettingsStoreTests/staleKeyIsScrubbedOnLoad   # load path without the scrub
  ✘ Test "A key an older build left in the preferences plist is removed when it is loaded" recorded an issue at AppModuleTests.swift:90:9: Expectation failed: !te
  ✘ Test "A key an older build left in the preferences plist is removed when it is loaded" failed after 0.004 seconds with 1 issue.
  ✘ Test run with 1 test in 1 suite failed after 0.005 seconds with 1 issue.
$ swift test --filter SettingsStoreTests/staleKeyIsScrubbedOnLoad   # after
  ✔ Test run with 1 test in 1 suite passed after 0.005 seconds.
