# A149 — attachment intake bounds what it reads (2026-09-16)

## What the ingestor did
#     let attributes = try? fileManager.attributesOfItem(atPath: url.path)
#     let size = (attributes?[.size] as? NSNumber)?.intValue ?? 0
#     if size > limits.maximumFileBytes { throw tooLarge }
#     var document = try extractor.extract(url: url, …)      // which reads the file itself
# Three consequences: a stat that failed meant a size of zero and therefore a cap of zero; the file was
# opened again after the check, and each extractor read it independently, so the cap bound a number
# rather than the bytes; and nothing looked at the *kind* of file.

## Two measurements, one of which corrects the finding
# The finding says "a FIFO would block the conversion forever". Measured, it does not:
$ timeout 15 swift AUDIT/baseline/swift64/a149-probe/fifo-read.swift
  threw after 0.000120667 seconds: The file “probe.fifo” couldn’t be opened because you don’t have
  permission to view it.
# Foundation refuses a FIFO at once — with a permission error for a file the user can read. So the old
# behaviour was a wrong sentence rather than a hang, and the fix's value here is the accurate refusal:
# `pipe.txt is not a regular file, so it cannot be read as a document.`
#
# What a path reports, for the kinds this decides between:
$ swift AUDIT/baseline/swift64/a149-probe/attributes-and-read.swift
  attributes: type=NSFileTypeSymbolicLink size=21        # the *link*, not what it points at
  read threw: The file “gone.txt” couldn’t be opened because there is no such file.
# `attributesOfItem` does not follow the final link, which is what makes the kind check able to refuse a
# symlink at all: otherwise the read would open a path that was never chosen.

## The fix
# - The stat is required: a path whose size cannot be read is refused with that reason, rather than
#   becoming a cap of zero.
# - The kind is required to be `typeRegular`; a directory, a FIFO, a device or a symlink is refused as
#   `notARegularFile` (a new `DocumentError` case).
# - The bytes are read **once**, by the ingestor, in 64 KB chunks, stopping one byte past the cap
#   (`readBounded`), and handed to the extractor. That is why `DocumentExtracting` now takes `data`
#   rather than a path: what an extractor receives is what has already been counted, so a file that grew
#   after the stat, or one the stat did not describe, cannot be read past the limit. The four extractors
#   and three test doubles moved with it; `PDFTextExtractor` uses `PDFDocument(data:)` for the same
#   reason.
# - `TextutilExtractor` still passes the path to `textutil`, which takes a file. It is the one exception,
#   it is documented as such, and what bounds it is unchanged: its output is capped and it is killed if
#   it overstays (A197).

## The tests, against both behaviours
$ swift test --filter AttachmentIntakeTests          # with the fix
  ✔ A regular file is still converted, and its byte count is the bytes that were read
  ✔ A FIFO is refused, and named as what it is
  ✔ A directory is refused as a file
  ✔ A path whose size cannot be read is refused, not read unbounded
  ✔ A symbolic link is not a regular file, whether or not it dangles
  ✔ The cap is enforced by the read, not by a size the file reported
  ✔ A file over the cap is refused before it is converted
  ✔ Test run with 7 tests in 1 suite passed after 1.069 seconds.

$ swift test --filter AttachmentIntakeTests          # with the old stat-then-read intake put back
  ✔ A regular file is still converted …                # the old code was fine for ordinary files
  ✔ A file over the cap is refused before it is converted
  ✔ The cap is enforced by the read …
  ✘ A symbolic link is not a regular file, whether or not it dangles
      Expectation failed: an error was expected but none was thrown
  ✘ A path whose size cannot be read is refused, not read unbounded
      Expectation failed: reason.contains("size could not be read")
  ✘ A directory is refused as a file
      .unreadable("The file “folder.txt” couldn’t be opened.") was thrown instead
  ✘ A FIFO is refused, and named as what it is
      Expectation failed: failure.withLock { $0 } == .notARegularFile("pipe.txt")
  ✘ Test run with 7 tests in 1 suite failed after 2.016 seconds with 4 issues.

# The symlink line is the sharpest: the old intake followed the link and converted the file it points
# at, which is a path the user never chose.

## The full gate, with the fix
$ bash tools/audit-checks.sh
PASS  build: swift build --build-tests
PASS  tests: 966 tests in 173 suites
PASS  coverage: TOTAL 6349 2598 59.08% (regions) · 20087 9835 51.04% (lines)
PASS  swiftlint: 254 finding(s), within the recorded waiver of 255
PASS  swift-format: 739 diagnostic(s), within the recorded waiver of 744
PASS  web: deltas merge (34 cases)
All 6 Mac-only gates passed.

# 959 tests in 172 suites before this task; the seven added are `AttachmentIntakeTests`. The protocol
# change touched four extractors and three test doubles, and the existing attachment suites (24 tests)
# pass unchanged.
