A153 — controlled before/after for the transfer-encoding tests
Host: 27.0 / arm64, swift-driver version: 1.168.6 Apple Swift version 6.4 (swiftlang-6.4.0.34.1 clang-2100.3.34.1)

--- BASELINE: unmutated ---
◇ Test run started.
✔ Test "A declared coding with no value is malformed, not unsupported" passed after 0.001 seconds.
✔ Test "A coding other than chunked is refused too, not ignored" passed after 0.001 seconds.
✔ Test "A request with the same body and a Content-Length still parses, body included" passed after 0.001 seconds.
✔ Test "The header name and its value are matched however they are spelled" passed after 0.001 seconds.
✔ Test "A chunked body is refused as unsupported rather than parsed as empty" passed after 0.001 seconds.
✔ Test "Both framings at once is a 400, the smuggling shape" passed after 0.001 seconds.
✔ Test "A chunked upload is refused, not answered as a missing route" passed after 0.050 seconds.
✔ Test "A chunked request that also declares a length is answered 400" passed after 0.054 seconds.
✔ Test "The same request with a Content-Length is accepted and changes the topic" passed after 0.054 seconds.
✔ Test "A chunked topic change is answered 501 and leaves the topic alone" passed after 0.071 seconds.
✔ Test run with 10 tests in 2 suites passed after 0.071 seconds.
◇ Test run started.
✔ Test "A body that is not a JSON object at all is refused" passed after 0.051 seconds.
✔ Test "An unknown research depth is a 400, and the depth is untouched" passed after 0.051 seconds.
✔ Test "A request with no body still means what it meant: the field was not sent" passed after 0.051 seconds.
✔ Test "An unknown mode is a 400, and the mode is untouched" passed after 0.057 seconds.
✔ Test "A body that is not JSON is a 400, and the topic is untouched" passed after 0.060 seconds.
✔ Test run with 5 tests in 1 suite passed after 0.061 seconds.

--- M1: the header is not read at all (the pre-fix behaviour). Full notes, because the point
        of this mutation is what the server actually answered before the fix. ---
◇ Test run started.
↳ Testing Library Version: 2084
↳ Target Platform: arm64e-apple-macos14.0
✘ Test "A coding other than chunked is refused too, not ignored" recorded an issue at AuditS3TransferEncodingTests.swift:91:25: Issue recorded
↳ an unimplemented coding was not refused
✘ Test "The header name and its value are matched however they are spelled" recorded an issue at AuditS3TransferEncodingTests.swift:79:29: Issue recorded
↳ "transfer-encoding: chunked" was not refused
✘ Test "A declared coding with no value is malformed, not unsupported" recorded an issue at AuditS3TransferEncodingTests.swift:115:25: Issue recorded
↳ an empty Transfer-Encoding was not refused as malformed
✘ Test "Both framings at once is a 400, the smuggling shape" recorded an issue at AuditS3TransferEncodingTests.swift:105:25: Issue recorded
↳ expected a malformed-request refusal, got nil
✘ Test "A coding other than chunked is refused too, not ignored" failed after 0.001 seconds with 1 issue.
✘ Test "A chunked body is refused as unsupported rather than parsed as empty" recorded an issue at AuditS3TransferEncodingTests.swift:65:25: Issue recorded
↳ expected the transfer coding to be refused, got nil
✘ Test "A declared coding with no value is malformed, not unsupported" failed after 0.001 seconds with 1 issue.
✔ Test "A request with the same body and a Content-Length still parses, body included" passed after 0.001 seconds.
✘ Test "The header name and its value are matched however they are spelled" failed after 0.001 seconds with 1 issue.
✘ Test "Both framings at once is a 400, the smuggling shape" failed after 0.001 seconds with 1 issue.
✘ Test "A chunked body is refused as unsupported rather than parsed as empty" failed after 0.001 seconds with 1 issue.
✘ Suite "A body the server cannot frame is refused, not read as empty (A153)" failed after 0.001 seconds with 5 issues.
✘ Test "A chunked upload is refused, not answered as a missing route" recorded an issue at AuditS3TransferEncodingTests.swift:191:9: Expectation failed: reply.hasPrefix("HTTP/1.1 501")
↳ a chunked upload should be refused as Not Implemented, was HTTP/1.1 404 Not Found
↳ reply.hasPrefix("HTTP/1.1 501") → false
↳   reply → "HTTP/1.1 404 Not Found
✘ Test "A chunked upload is refused, not answered as a missing route" failed after 0.053 seconds with 1 issue.
✔ Test "The same request with a Content-Length is accepted and changes the topic" passed after 0.056 seconds.
✔ Test "A chunked request that also declares a length is answered 400" passed after 0.056 seconds.
✘ Test "A chunked topic change is answered 501 and leaves the topic alone" recorded an issue at AuditS3TransferEncodingTests.swift:170:9: Expectation failed: reply.hasPrefix("HTTP/1.1 501")
↳ a chunked request should be refused as Not Implemented, was HTTP/1.1 409 Conflict
↳ reply.hasPrefix("HTTP/1.1 501") → false

--- M2: both framings are not singled out (they become 501 rather than 400) ---
◇ Test run started.
✔ Test "A declared coding with no value is malformed, not unsupported" passed after 0.001 seconds.
✔ Test "A request with the same body and a Content-Length still parses, body included" passed after 0.001 seconds.
✔ Test "A coding other than chunked is refused too, not ignored" passed after 0.001 seconds.
✔ Test "A chunked body is refused as unsupported rather than parsed as empty" passed after 0.001 seconds.
✔ Test "The header name and its value are matched however they are spelled" passed after 0.001 seconds.
✘ Test "Both framings at once is a 400, the smuggling shape" recorded an issue at AuditS3TransferEncodingTests.swift:105:25: Issue recorded
✘ Test "Both framings at once is a 400, the smuggling shape" failed after 0.001 seconds with 1 issue.
✘ Suite "A body the server cannot frame is refused, not read as empty (A153)" failed after 0.001 seconds with 1 issue.
✘ Test "A chunked request that also declares a length is answered 400" recorded an issue at AuditS3TransferEncodingTests.swift:219:9: Expectation failed: reply.hasPrefix("HTTP/1.1 400")
✔ Test "A chunked upload is refused, not answered as a missing route" passed after 0.048 seconds.
✘ Test "A chunked request that also declares a length is answered 400" failed after 0.052 seconds with 1 issue.
✔ Test "The same request with a Content-Length is accepted and changes the topic" passed after 0.052 seconds.
✔ Test "A chunked topic change is answered 501 and leaves the topic alone" passed after 0.069 seconds.
✘ Suite "A chunked request does not change the room (A153)" failed after 0.069 seconds with 1 issue.
✘ Test run with 10 tests in 2 suites failed after 0.069 seconds with 2 issues.

--- M3: an empty coding is not checked ---
◇ Test run started.
✘ Test "A declared coding with no value is malformed, not unsupported" recorded an issue at AuditS3TransferEncodingTests.swift:115:25: Issue recorded
✔ Test "Both framings at once is a 400, the smuggling shape" passed after 0.001 seconds.
✔ Test "A chunked body is refused as unsupported rather than parsed as empty" passed after 0.001 seconds.
✘ Test "A declared coding with no value is malformed, not unsupported" failed after 0.001 seconds with 1 issue.
✔ Test "The header name and its value are matched however they are spelled" passed after 0.001 seconds.
✔ Test "A request with the same body and a Content-Length still parses, body included" passed after 0.001 seconds.
✔ Test "A coding other than chunked is refused too, not ignored" passed after 0.001 seconds.
✘ Suite "A body the server cannot frame is refused, not read as empty (A153)" failed after 0.001 seconds with 1 issue.
✔ Test "A chunked upload is refused, not answered as a missing route" passed after 0.050 seconds.
✔ Test "The same request with a Content-Length is accepted and changes the topic" passed after 0.054 seconds.
✔ Test "A chunked request that also declares a length is answered 400" passed after 0.054 seconds.
✔ Test "A chunked topic change is answered 501 and leaves the topic alone" passed after 0.068 seconds.
✘ Test run with 10 tests in 2 suites failed after 0.069 seconds with 1 issue.

--- M4: every request is refused (over-refusal, which the counterweights exist to catch) ---
◇ Test run started.
✔ Test "A chunked body is refused as unsupported rather than parsed as empty" passed after 0.001 seconds.
✔ Test "A coding other than chunked is refused too, not ignored" passed after 0.001 seconds.
✔ Test "A declared coding with no value is malformed, not unsupported" passed after 0.001 seconds.
✔ Test "Both framings at once is a 400, the smuggling shape" passed after 0.001 seconds.
✔ Test "The header name and its value are matched however they are spelled" passed after 0.001 seconds.
✘ Test "A request with the same body and a Content-Length still parses, body included" recorded an issue at AuditS3TransferEncodingTests.swift:120:6: Caught error: .unsupportedTransferEncoding("everything")
✘ Test "A request with the same body and a Content-Length still parses, body included" failed after 0.001 seconds with 1 issue.
✘ Suite "A body the server cannot frame is refused, not read as empty (A153)" failed after 0.001 seconds with 1 issue.
✘ Test "A chunked topic change is answered 501 and leaves the topic alone" recorded an issue at AuditS3TransferEncodingTests.swift:166:9: Expectation failed: set == 200
✘ Test "A chunked topic change is answered 501 and leaves the topic alone" recorded an issue at AuditS3TransferEncodingTests.swift:167:9: Expectation failed: try await stateField(fixture.session, fixture.base, "topic") == "the first topic"
✔ Test "A chunked upload is refused, not answered as a missing route" passed after 0.052 seconds.
✘ Test "The same request with a Content-Length is accepted and changes the topic" recorded an issue at AuditS3TransferEncodingTests.swift:203:9: Expectation failed: reply.hasPrefix("HTTP/1.1 200")
✔ Test "A chunked request that also declares a length is answered 400" passed after 0.054 seconds.
✘ Test "The same request with a Content-Length is accepted and changes the topic" recorded an issue at AuditS3TransferEncodingTests.swift:204:9: Expectation failed: try await stateField(fixture.session, fixture.base, "topic") == "a framed topic"
✘ Test "The same request with a Content-Length is accepted and changes the topic" failed after 0.054 seconds with 2 issues.
✘ Test "A chunked topic change is answered 501 and leaves the topic alone" recorded an issue at AuditS3TransferEncodingTests.swift:175:9: Expectation failed: topic == "the first topic"
✘ Test "A chunked topic change is answered 501 and leaves the topic alone" failed after 0.059 seconds with 3 issues.
✘ Suite "A chunked request does not change the room (A153)" failed after 0.060 seconds with 5 issues.
✘ Test run with 10 tests in 2 suites failed after 0.060 seconds with 6 issues.
◇ Test run started.
✘ Test "A body that is not JSON is a 400, and the topic is untouched" recorded an issue at AuditS2MalformedBodyTests.swift:40:9: Expectation failed: set.status == 200
✘ Test "An unknown mode is a 400, and the mode is untouched" recorded an issue at AuditS2MalformedBodyTests.swift:58:9: Expectation failed: set.status == 200
✘ Test "An unknown research depth is a 400, and the depth is untouched" recorded an issue at AuditS2MalformedBodyTests.swift:74:9: Expectation failed: response.status == 400
✘ Test "A body that is not a JSON object at all is refused" recorded an issue at AuditS2MalformedBodyTests.swift:86:9: Expectation failed: response.status == 400
✘ Test "A body that is not a JSON object at all is refused" failed after 0.036 seconds with 1 issue.
✔ Test "A request with no body still means what it meant: the field was not sent" passed after 0.036 seconds.
✘ Test "An unknown research depth is a 400, and the depth is untouched" failed after 0.036 seconds with 1 issue.
✘ Test "A body that is not JSON is a 400, and the topic is untouched" recorded an issue at AuditS2MalformedBodyTests.swift:42:9: Expectation failed: before == "A topic"
✘ Test "An unknown mode is a 400, and the mode is untouched" recorded an issue at AuditS2MalformedBodyTests.swift:62:9: Expectation failed: response.status == 400
✘ Test "A body that is not JSON is a 400, and the topic is untouched" recorded an issue at AuditS2MalformedBodyTests.swift:46:9: Expectation failed: response.status == 400
✘ Test "An unknown mode is a 400, and the mode is untouched" recorded an issue at AuditS2MalformedBodyTests.swift:64:9: Expectation failed: mode == "research"
✘ Test "An unknown mode is a 400, and the mode is untouched" failed after 0.040 seconds with 3 issues.
✘ Test "A body that is not JSON is a 400, and the topic is untouched" recorded an issue at AuditS2MalformedBodyTests.swift:48:9: Expectation failed: after == "A topic"
✘ Test "A body that is not JSON is a 400, and the topic is untouched" failed after 0.040 seconds with 4 issues.
✘ Suite "A body the server cannot read does not change the room (A142)" failed after 0.041 seconds with 9 issues.
✘ Test run with 5 tests in 1 suite failed after 0.041 seconds with 9 issues.

--- RESTORED: unmutated again ---
◇ Test run started.
✔ Test "A request with the same body and a Content-Length still parses, body included" passed after 0.001 seconds.
✔ Test "A chunked body is refused as unsupported rather than parsed as empty" passed after 0.001 seconds.
✔ Test "A coding other than chunked is refused too, not ignored" passed after 0.001 seconds.
✔ Test "A declared coding with no value is malformed, not unsupported" passed after 0.001 seconds.
✔ Test "The header name and its value are matched however they are spelled" passed after 0.001 seconds.
✔ Test "Both framings at once is a 400, the smuggling shape" passed after 0.001 seconds.
✔ Test "A chunked upload is refused, not answered as a missing route" passed after 0.051 seconds.
✔ Test "A chunked request that also declares a length is answered 400" passed after 0.055 seconds.
✔ Test "The same request with a Content-Length is accepted and changes the topic" passed after 0.055 seconds.
✔ Test "A chunked topic change is answered 501 and leaves the topic alone" passed after 0.071 seconds.
✔ Test run with 10 tests in 2 suites passed after 0.072 seconds.
◇ Test run started.
✔ Test "An unknown research depth is a 400, and the depth is untouched" passed after 0.043 seconds.
✔ Test "A body that is not a JSON object at all is refused" passed after 0.043 seconds.
✔ Test "A request with no body still means what it meant: the field was not sent" passed after 0.044 seconds.
✔ Test "An unknown mode is a 400, and the mode is untouched" passed after 0.050 seconds.
✔ Test "A body that is not JSON is a 400, and the topic is untouched" passed after 0.052 seconds.
✔ Test run with 5 tests in 1 suite passed after 0.052 seconds.

--- FULL GATE at the fix commit (tools/audit-checks.sh) ---
PASS  build: swift build --build-tests
PASS  tests: 984 tests in 177 suites
PASS  coverage: Sources/ TOTAL 6386 regions 2596 covered 59.35%, 20207 lines 9844 covered 51.28%
PASS  swiftlint: 254 finding(s), within the recorded waiver of 255
PASS  swift-format: 739 diagnostic(s), within the recorded waiver of 744
PASS  web: deltas merge (34 cases)

All 6 Mac-only gates passed.
