A154 — controlled before/after for the strict head-parsing tests
Host: 27.0 / arm64, swift-driver version: 1.168.6 Apple Swift version 6.4 (swiftlang-6.4.0.34.1 clang-2100.3.34.1)

--- BASELINE: unmutated ---
◇ Test run started.
✔ Test "A request line that is not separated by single spaces is refused" passed after 0.001 seconds.
✔ Test "A plus in the path is a plus, and a plus in the query is a space" passed after 0.001 seconds.
✔ Test "The HTTP version must be one this server speaks" passed after 0.001 seconds.
✔ Test "A folded header is refused rather than silently dropped" passed after 0.001 seconds.
✔ Test "Whitespace before the colon in a field name is refused, not trimmed away" passed after 0.001 seconds.
✔ Test "The method must be a token, and keeps the case normalisation the router relies on" passed after 0.001 seconds.
✔ Test "An unsupported version is answered 505 and a bad field name 400" passed after 0.065 seconds.
✔ Test run with 7 tests in 2 suites passed after 0.065 seconds.
◇ Test run started.
✔ Test "Non-ASCII and emoji survive percent-decoding in a URL" passed after 0.001 seconds.
✔ Test "A query string is split and decoded" passed after 0.001 seconds.
✔ Test "An oversized body is refused before it is read" passed after 0.001 seconds.
✔ Test "A body with a multi-byte character counts bytes, not characters" passed after 0.001 seconds.
✔ Test "A minimal request is parsed" passed after 0.001 seconds.
✔ Test "Repeated headers are joined rather than overwriting each other" passed after 0.001 seconds.
✔ Test "A body is read up to its content length, and no further" passed after 0.001 seconds.
✔ Test "A Content-Length too large to be an Int is refused, not crashed on" passed after 0.001 seconds.
✔ Test "A negative Content-Length is refused rather than used as a slice offset" passed after 0.001 seconds.
✔ Test "The method is normalised to upper case" passed after 0.001 seconds.
✔ Test "A duplicated Content-Length is refused, not joined and misread as zero" passed after 0.001 seconds.
✔ Test "A malformed request line is rejected, not guessed at" passed after 0.001 seconds.
✔ Test "A request that has not fully arrived reports that it is incomplete" passed after 0.001 seconds.
✔ Test "A non-numeric Content-Length is refused" passed after 0.001 seconds.
✔ Test run with 14 tests in 1 suite passed after 0.001 seconds.

--- M1: the field name is trimmed before the colon again (the pre-fix behaviour) ---
◇ Test run started.
✔ Test "A request line that is not separated by single spaces is refused" passed after 0.001 seconds.
✔ Test "A folded header is refused rather than silently dropped" passed after 0.001 seconds.
✘ Test "Whitespace before the colon in a field name is refused, not trimmed away" recorded an issue at AuditS3HeadParsingTests.swift:50:29: Issue recorded
✔ Test "A plus in the path is a plus, and a plus in the query is a space" passed after 0.001 seconds.
✔ Test "The HTTP version must be one this server speaks" passed after 0.001 seconds.
✘ Test "Whitespace before the colon in a field name is refused, not trimmed away" failed after 0.001 seconds with 1 issue.
✔ Test "The method must be a token, and keeps the case normalisation the router relies on" passed after 0.001 seconds.
✘ Suite "The request head is read strictly (A154)" failed after 0.001 seconds with 1 issue.
✘ Test "An unsupported version is answered 505 and a bad field name 400" recorded an issue at AuditS3HeadParsingTests.swift:182:9: Expectation failed: name.hasPrefix("HTTP/1.1 400")
↳ was HTTP/1.1 200 OK
✘ Test "An unsupported version is answered 505 and a bad field name 400" failed after 0.075 seconds with 1 issue.
✘ Suite "A strict head reaches the client as a status, not only as an error (A154)" failed after 0.075 seconds with 1 issue.
✘ Test run with 7 tests in 2 suites failed after 0.075 seconds with 2 issues.

--- M2: a line with no colon is skipped again (the pre-fix behaviour, which is how obs-fold vanished) ---
◇ Test run started.
✘ Test "A folded header is refused rather than silently dropped" recorded an issue at AuditS3HeadParsingTests.swift:68:25: Issue recorded
✔ Test "A plus in the path is a plus, and a plus in the query is a space" passed after 0.001 seconds.
✘ Test "A folded header is refused rather than silently dropped" failed after 0.001 seconds with 1 issue.
✔ Test "Whitespace before the colon in a field name is refused, not trimmed away" passed after 0.001 seconds.
✔ Test "The method must be a token, and keeps the case normalisation the router relies on" passed after 0.001 seconds.
✔ Test "A request line that is not separated by single spaces is refused" passed after 0.001 seconds.
✔ Test "The HTTP version must be one this server speaks" passed after 0.001 seconds.
✘ Suite "The request head is read strictly (A154)" failed after 0.001 seconds with 1 issue.
✔ Test "An unsupported version is answered 505 and a bad field name 400" passed after 0.079 seconds.
✘ Test run with 7 tests in 2 suites failed after 0.079 seconds with 1 issue.

--- M3: the version goes unread and two parts are enough (the pre-fix behaviour) ---
◇ Test run started.
✘ Test "A request line that is not separated by single spaces is refused" recorded an issue at AuditS3HeadParsingTests.swift:148:29: Issue recorded
✘ Test "The method must be a token, and keeps the case normalisation the router relies on" recorded an issue at AuditS3HeadParsingTests.swift:118:29: Issue recorded
✘ Test "The HTTP version must be one this server speaks" recorded an issue at AuditS3HeadParsingTests.swift:91:29: Issue recorded
✔ Test "A folded header is refused rather than silently dropped" passed after 0.001 seconds.
✘ Test "The HTTP version must be one this server speaks" failed after 0.001 seconds with 1 issue.
✔ Test "Whitespace before the colon in a field name is refused, not trimmed away" passed after 0.001 seconds.
✔ Test "A plus in the path is a plus, and a plus in the query is a space" passed after 0.001 seconds.
✘ Test "The method must be a token, and keeps the case normalisation the router relies on" failed after 0.001 seconds with 1 issue.
✘ Test "A request line that is not separated by single spaces is refused" failed after 0.001 seconds with 1 issue.
✘ Suite "The request head is read strictly (A154)" failed after 0.001 seconds with 3 issues.
✘ Test "An unsupported version is answered 505 and a bad field name 400" recorded an issue at AuditS3HeadParsingTests.swift:177:9: Expectation failed: version.hasPrefix("HTTP/1.1 505")
↳ was HTTP/1.1 200 OK
✘ Test "An unsupported version is answered 505 and a bad field name 400" failed after 0.077 seconds with 1 issue.
✘ Suite "A strict head reaches the client as a status, not only as an error (A154)" failed after 0.077 seconds with 1 issue.
✘ Test run with 7 tests in 2 suites failed after 0.078 seconds with 4 issues.

--- M4: the path is decoded with the query's rule again (the pre-fix behaviour) ---
◇ Test run started.
✔ Test "A request line that is not separated by single spaces is refused" passed after 0.001 seconds.
✔ Test "Whitespace before the colon in a field name is refused, not trimmed away" passed after 0.001 seconds.
✔ Test "A folded header is refused rather than silently dropped" passed after 0.001 seconds.
✘ Test "A plus in the path is a plus, and a plus in the query is a space" recorded an issue at AuditS3HeadParsingTests.swift:130:9: Expectation failed: try parse("GET /s/a+b HTTP/1.1\r\n\r\n").path == "/s/a+b"
✔ Test "The method must be a token, and keeps the case normalisation the router relies on" passed after 0.001 seconds.
✔ Test "The HTTP version must be one this server speaks" passed after 0.001 seconds.
✘ Test "A plus in the path is a plus, and a plus in the query is a space" recorded an issue at AuditS3HeadParsingTests.swift:132:9: Expectation failed: try parse("GET /api/state+x HTTP/1.1\r\n\r\n").path == "/api/state+x"
✘ Test "A plus in the path is a plus, and a plus in the query is a space" failed after 0.001 seconds with 2 issues.
✘ Suite "The request head is read strictly (A154)" failed after 0.001 seconds with 2 issues.
✔ Test "An unsupported version is answered 505 and a bad field name 400" passed after 0.072 seconds.
✘ Test run with 7 tests in 2 suites failed after 0.072 seconds with 2 issues.

--- M5: no version is supported (over-strict, which the counterweights exist to catch) ---
◇ Test run started.
✘ Test "A folded header is refused rather than silently dropped" recorded an issue at AuditS3HeadParsingTests.swift:68:25: Issue recorded
✘ Test "Whitespace before the colon in a field name is refused, not trimmed away" recorded an issue at AuditS3HeadParsingTests.swift:50:29: Issue recorded
✔ Test "A request line that is not separated by single spaces is refused" passed after 0.001 seconds.
✘ Test "Whitespace before the colon in a field name is refused, not trimmed away" failed after 0.001 seconds with 1 issue.
✘ Test "A folded header is refused rather than silently dropped" failed after 0.001 seconds with 1 issue.
✘ Test "A plus in the path is a plus, and a plus in the query is a space" recorded an issue at AuditS3HeadParsingTests.swift:126:6: Caught error: .unsupportedVersion("HTTP/1.1")
✘ Test "The HTTP version must be one this server speaks" recorded an issue at AuditS3HeadParsingTests.swift:83:6: Caught error: .unsupportedVersion("HTTP/1.1")
✘ Test "The method must be a token, and keeps the case normalisation the router relies on" recorded an issue at AuditS3HeadParsingTests.swift:111:6: Caught error: .unsupportedVersion("HTTP/1.1")
✘ Test "The HTTP version must be one this server speaks" failed after 0.001 seconds with 1 issue.
✘ Test "A plus in the path is a plus, and a plus in the query is a space" failed after 0.001 seconds with 1 issue.
✘ Test "The method must be a token, and keeps the case normalisation the router relies on" failed after 0.001 seconds with 1 issue.
✘ Suite "The request head is read strictly (A154)" failed after 0.001 seconds with 5 issues.
✘ Test "An unsupported version is answered 505 and a bad field name 400" recorded an issue at AuditS3HeadParsingTests.swift:182:9: Expectation failed: name.hasPrefix("HTTP/1.1 400")
↳ was HTTP/1.1 505 HTTP Version Not Supported
✘ Test "An unsupported version is answered 505 and a bad field name 400" recorded an issue at AuditS3HeadParsingTests.swift:189:9: Expectation failed: (response as? HTTPURLResponse)?.statusCode == 200
✘ Test "An unsupported version is answered 505 and a bad field name 400" failed after 0.075 seconds with 2 issues.
✘ Suite "A strict head reaches the client as a status, not only as an error (A154)" failed after 0.075 seconds with 2 issues.
✘ Test run with 7 tests in 2 suites failed after 0.075 seconds with 7 issues.
◇ Test run started.
✘ Test "The method is normalised to upper case" recorded an issue at HTTPTests.swift:28:6: Caught error: .unsupportedVersion("HTTP/1.1")
✘ Test "A body is read up to its content length, and no further" recorded an issue at HTTPTests.swift:52:6: Caught error: .unsupportedVersion("HTTP/1.1")
✘ Test "Repeated headers are joined rather than overwriting each other" recorded an issue at HTTPTests.swift:82:6: Caught error: .unsupportedVersion("HTTP/1.1")
✘ Test "A body with a multi-byte character counts bytes, not characters" recorded an issue at HTTPTests.swift:61:6: Caught error: .unsupportedVersion("HTTP/1.1")
✘ Test "The method is normalised to upper case" failed after 0.001 seconds with 1 issue.
✘ Test "A query string is split and decoded" recorded an issue at HTTPTests.swift:34:6: Caught error: .unsupportedVersion("HTTP/1.1")
✘ Test "A body is read up to its content length, and no further" failed after 0.001 seconds with 1 issue.
✘ Test "A body with a multi-byte character counts bytes, not characters" failed after 0.001 seconds with 1 issue.
✔ Test "A negative Content-Length is refused rather than used as a slice offset" passed after 0.001 seconds.
✔ Test "An oversized body is refused before it is read" passed after 0.001 seconds.
✘ Test "Non-ASCII and emoji survive percent-decoding in a URL" recorded an issue at HTTPTests.swift:44:6: Caught error: .unsupportedVersion("HTTP/1.1")
✘ Test "Repeated headers are joined rather than overwriting each other" failed after 0.001 seconds with 1 issue.
✘ Test "A query string is split and decoded" failed after 0.001 seconds with 1 issue.
✔ Test "A malformed request line is rejected, not guessed at" passed after 0.001 seconds.
✘ Test "A minimal request is parsed" recorded an issue at HTTPTests.swift:19:6: Caught error: .unsupportedVersion("HTTP/1.1")
✔ Test "A duplicated Content-Length is refused, not joined and misread as zero" passed after 0.001 seconds.
✔ Test "A Content-Length too large to be an Int is refused, not crashed on" passed after 0.001 seconds.
✘ Test "Non-ASCII and emoji survive percent-decoding in a URL" failed after 0.001 seconds with 1 issue.
✘ Test "A minimal request is parsed" failed after 0.001 seconds with 1 issue.
✔ Test "A non-numeric Content-Length is refused" passed after 0.001 seconds.
✘ Test "A request that has not fully arrived reports that it is incomplete" recorded an issue at HTTPTests.swift:77:9: Expectation failed: expected error of type Incomplete, but ".unsupportedVersion("HTTP/1.1")" of type HTTPError was thrown instead
✘ Test "A request that has not fully arrived reports that it is incomplete" failed after 0.001 seconds with 1 issue.
✘ Suite "HTTP parsing" failed after 0.001 seconds with 8 issues.
✘ Test run with 14 tests in 1 suite failed after 0.001 seconds with 8 issues.

--- RESTORED: unmutated again ---
◇ Test run started.
✔ Test "A request line that is not separated by single spaces is refused" passed after 0.001 seconds.
✔ Test "Whitespace before the colon in a field name is refused, not trimmed away" passed after 0.001 seconds.
✔ Test "The HTTP version must be one this server speaks" passed after 0.001 seconds.
✔ Test "The method must be a token, and keeps the case normalisation the router relies on" passed after 0.001 seconds.
✔ Test "A folded header is refused rather than silently dropped" passed after 0.001 seconds.
✔ Test "A plus in the path is a plus, and a plus in the query is a space" passed after 0.001 seconds.
✔ Test "An unsupported version is answered 505 and a bad field name 400" passed after 0.077 seconds.
✔ Test run with 7 tests in 2 suites passed after 0.077 seconds.
◇ Test run started.
✔ Test "The method is normalised to upper case" passed after 0.001 seconds.
✔ Test "A minimal request is parsed" passed after 0.001 seconds.
✔ Test "A query string is split and decoded" passed after 0.001 seconds.
✔ Test "An oversized body is refused before it is read" passed after 0.001 seconds.
✔ Test "Repeated headers are joined rather than overwriting each other" passed after 0.001 seconds.
✔ Test "Non-ASCII and emoji survive percent-decoding in a URL" passed after 0.001 seconds.
✔ Test "A Content-Length too large to be an Int is refused, not crashed on" passed after 0.001 seconds.
✔ Test "A request that has not fully arrived reports that it is incomplete" passed after 0.001 seconds.
✔ Test "A body is read up to its content length, and no further" passed after 0.001 seconds.
✔ Test "A duplicated Content-Length is refused, not joined and misread as zero" passed after 0.001 seconds.
✔ Test "A malformed request line is rejected, not guessed at" passed after 0.001 seconds.
✔ Test "A negative Content-Length is refused rather than used as a slice offset" passed after 0.001 seconds.
✔ Test "A body with a multi-byte character counts bytes, not characters" passed after 0.001 seconds.
✔ Test "A non-numeric Content-Length is refused" passed after 0.001 seconds.
✔ Test run with 14 tests in 1 suite passed after 0.001 seconds.

--- LIVE CHECK: a real client against the built engine (chatbots-cli --serve --port 7831) ---
health (curl, HTTP/1.1):            200
GET /api/state (curl --http1.0):    505     <- the version refusal reaches a real 1.0 client
GET /api/state (curl, HTTP/1.1):    200     <- the counterweight, same server, same run
GET /api/st+ate (curl):             404     <- not observable live: no real path differs between "+" and a
                                               space (every route is fixed text and share ids are UUIDs), so
                                               the parser test is the evidence for that claim.

--- FULL GATE at the fix commit (tools/audit-checks.sh) ---
PASS  build: swift build --build-tests
PASS  tests: 991 tests in 179 suites
PASS  coverage: Sources/ TOTAL 6406 regions 2587 covered 59.62%, 20245 lines 9831 covered 51.44%
PASS  swiftlint: 254 finding(s), within the recorded waiver of 255
PASS  swift-format: 739 diagnostic(s), within the recorded waiver of 744
PASS  web: deltas merge (34 cases)

All 6 Mac-only gates passed.
