A155 — controlled before/after for the certificate-store fixes
Host: 27.0 / arm64, swift-driver version: 1.168.6 Apple Swift version 6.4 (swiftlang-6.4.0.34.1 clang-2100.3.34.1)

--- PROBE: the store's old drain order, on its own (AUDIT/baseline/swift64/a155-probe/) ---
$ timeout 20 swift old-runner-deadlock.swift
exit: 124 (124 = the timeout killed it: stdout-to-EOF-then-stderr deadlocks)

--- BASELINE: unmutated ---
◇ Test run started.
✔ Test "Coverage is decided by address bytes, so an IPv6 literal matches its expanded form" passed after 0.001 seconds.
✔ Test "The transport is told the size the key really is" passed after 0.001 seconds.
✔ Test "openssl is only run from a path another user could not have written" passed after 0.005 seconds.
✔ Test "Both of a child's pipes are drained, so a full error pipe cannot wedge the run" passed after 0.094 seconds.
✔ Test "A key from another identity is refused as not a pair" passed after 0.597 seconds.
✔ Test "The key size is read from the key rather than assumed to be 2048" passed after 0.667 seconds.
✔ Test "A corrupt certificate is reported, and the pinned identity is left alone" passed after 0.829 seconds.
✔ Test "A certificate that does not name the hostnames asked for is refused" passed after 1.076 seconds.
✔ Test "A directory with nothing in it still generates, and a second load reuses" passed after 1.076 seconds.
✔ Test run with 9 tests in 1 suite passed after 1.076 seconds.
◇ Test run started.
✔ Test "A 3072-bit identity carries a real transport round trip" passed after 4.923 seconds.
✔ Test run with 1 test in 1 suite passed after 4.928 seconds.
◇ Test run started.
✔ Test "The transport is told the size the key really is" passed after 0.678 seconds.
✔ Test "An identity is generated and is usable" passed after 0.730 seconds.
✔ Test "Coverage is decided by address bytes, so an IPv6 literal matches its expanded form" passed after 0.730 seconds.
✔ Test "A key from another identity is refused as not a pair" passed after 0.730 seconds.
✔ Test "The private key is in the encoding the transport accepts" passed after 0.730 seconds.
✔ Test "A partial identity on disk is reported with a way out, not silently replaced" passed after 0.730 seconds.
✔ Test "The key size is read from the key rather than assumed to be 2048" passed after 0.730 seconds.
✔ Test "openssl is only run from a path another user could not have written" passed after 0.730 seconds.
✔ Test "A corrupt certificate is reported, and the pinned identity is left alone" passed after 0.730 seconds.
✔ Test "Both of a child's pipes are drained, so a full error pipe cannot wedge the run" passed after 0.779 seconds.
✔ Test "The same identity comes back on the next load, which is what pinning needs" passed after 1.082 seconds.
✔ Test "A key that is readable by others is made private again the next time it is loaded" passed after 1.096 seconds.
✔ Test "The private key is not world-readable" passed after 1.490 seconds.
✔ Test "A certificate that does not name the hostnames asked for is refused" passed after 1.679 seconds.
✔ Test "A directory with nothing in it still generates, and a second load reuses" passed after 1.913 seconds.
✔ Test "Two separate stores have different identities" passed after 2.196 seconds.
✔ Test "A 3072-bit identity carries a real transport round trip" passed after 5.041 seconds.
✔ Test run with 17 tests in 3 suites passed after 5.042 seconds.

--- M1: any read failure is a first run again (the pre-fix try?) ---
◇ Test run started.
✔ Test "The transport is told the size the key really is" passed after 0.001 seconds.
✔ Test "Coverage is decided by address bytes, so an IPv6 literal matches its expanded form" passed after 0.001 seconds.
✔ Test "openssl is only run from a path another user could not have written" passed after 0.005 seconds.
✔ Test "Both of a child's pipes are drained, so a full error pipe cannot wedge the run" passed after 0.114 seconds.
✔ Test "A directory with nothing in it still generates, and a second load reuses" passed after 1.065 seconds.
✘ Test "A certificate that does not name the hostnames asked for is refused" recorded an issue at AuditS3CertificateStoreTests.swift:151:25: Issue recorded
↳ a certificate for localhost was accepted for 127.0.0.1 and ::1
✔ Test "The key size is read from the key rather than assumed to be 2048" passed after 1.141 seconds.
✘ Test "A corrupt certificate is reported, and the pinned identity is left alone" recorded an issue at AuditS3CertificateStoreTests.swift:72:25: Issue recorded
✘ Test "A corrupt certificate is reported, and the pinned identity is left alone" recorded an issue at AuditS3CertificateStoreTests.swift:78:9: Expectation failed: try Data(contentsOf: certificate) == Data("this is not a certificate".utf8)
↳ the refused load rewrote the certificate
✘ Test "A corrupt certificate is reported, and the pinned identity is left alone" failed after 1.216 seconds with 2 issues.
✘ Test "A key from another identity is refused as not a pair" recorded an issue at AuditS3CertificateStoreTests.swift:132:25: Issue recorded
↳ a certificate and a key from different identities were accepted
✘ Test "A key from another identity is refused as not a pair" failed after 1.267 seconds with 1 issue.
✘ Test "A certificate that does not name the hostnames asked for is refused" failed after 1.549 seconds with 1 issue.
✘ Suite "The stored certificate is read, not assumed (A155)" failed after 1.549 seconds with 4 issues.
✘ Test run with 9 tests in 1 suite failed after 1.550 seconds with 4 issues.
◇ Test run started.
✔ Test "The transport is told the size the key really is" passed after 1.109 seconds.
✔ Test "Coverage is decided by address bytes, so an IPv6 literal matches its expanded form" passed after 1.109 seconds.
✔ Test "The private key is in the encoding the transport accepts" passed after 1.109 seconds.
✔ Test "The private key is not world-readable" passed after 1.109 seconds.
✔ Test "An identity is generated and is usable" passed after 1.109 seconds.
✔ Test "The same identity comes back on the next load, which is what pinning needs" passed after 1.109 seconds.
✔ Test "openssl is only run from a path another user could not have written" passed after 1.109 seconds.
✔ Test "A key that is readable by others is made private again the next time it is loaded" passed after 1.109 seconds.
✔ Test "Two separate stores have different identities" passed after 1.109 seconds.
✘ Test "A partial identity on disk is reported with a way out, not silently replaced" recorded an issue at CertificateStoreTests.swift:124:25: Issue recorded
✘ Test "A partial identity on disk is reported with a way out, not silently replaced" recorded an issue at CertificateStoreTests.swift:132:9: Expectation failed: try Data(contentsOf: certificate) == pinned
↳ // The certificate the clients pinned is byte for byte the one that was there: a refused load
↳ the refused load rewrote the certificate
✘ Test "A partial identity on disk is reported with a way out, not silently replaced" failed after 1.160 seconds with 2 issues.
✘ Suite "Engine certificate" failed after 1.160 seconds with 2 issues.
✔ Test "Both of a child's pipes are drained, so a full error pipe cannot wedge the run" passed after 1.193 seconds.
✘ Test "A corrupt certificate is reported, and the pinned identity is left alone" recorded an issue at AuditS3CertificateStoreTests.swift:72:25: Issue recorded
✘ Test "A corrupt certificate is reported, and the pinned identity is left alone" recorded an issue at AuditS3CertificateStoreTests.swift:78:9: Expectation failed: try Data(contentsOf: certificate) == Data("this is not a certificate".utf8)
↳ the refused load rewrote the certificate
✘ Test "A corrupt certificate is reported, and the pinned identity is left alone" failed after 1.259 seconds with 2 issues.
✔ Test "A directory with nothing in it still generates, and a second load reuses" passed after 1.652 seconds.
✘ Test "A certificate that does not name the hostnames asked for is refused" recorded an issue at AuditS3CertificateStoreTests.swift:151:25: Issue recorded
↳ a certificate for localhost was accepted for 127.0.0.1 and ::1
✔ Test "The key size is read from the key rather than assumed to be 2048" passed after 1.780 seconds.
✘ Test "A certificate that does not name the hostnames asked for is refused" failed after 2.149 seconds with 1 issue.
✘ Test "A key from another identity is refused as not a pair" recorded an issue at AuditS3CertificateStoreTests.swift:132:25: Issue recorded
↳ a certificate and a key from different identities were accepted
✘ Test "A key from another identity is refused as not a pair" failed after 2.306 seconds with 1 issue.
✘ Suite "The stored certificate is read, not assumed (A155)" failed after 2.306 seconds with 4 issues.
✔ Test "A 3072-bit identity carries a real transport round trip" passed after 5.380 seconds.
✘ Test run with 17 tests in 3 suites failed after 5.385 seconds with 6 issues.

--- M2: the key size is hardcoded 2048 again ---
◇ Test run started.
✔ Test "The transport is told the size the key really is" passed after 0.001 seconds.
✔ Test "Coverage is decided by address bytes, so an IPv6 literal matches its expanded form" passed after 0.001 seconds.
✔ Test "openssl is only run from a path another user could not have written" passed after 0.004 seconds.
✔ Test "Both of a child's pipes are drained, so a full error pipe cannot wedge the run" passed after 0.097 seconds.
✘ Test "The key size is read from the key rather than assumed to be 2048" recorded an issue at AuditS3CertificateStoreTests.swift:108:9: Expectation failed: identity.keyKind == .rsa(sizeInBits: 3072)
✘ Test "The key size is read from the key rather than assumed to be 2048" failed after 0.654 seconds with 1 issue.
✔ Test "A corrupt certificate is reported, and the pinned identity is left alone" passed after 0.657 seconds.
✔ Test "A key from another identity is refused as not a pair" passed after 0.704 seconds.
✔ Test "A certificate that does not name the hostnames asked for is refused" passed after 0.815 seconds.
✔ Test "A directory with nothing in it still generates, and a second load reuses" passed after 0.898 seconds.
✘ Suite "The stored certificate is read, not assumed (A155)" failed after 0.899 seconds with 1 issue.
✘ Test run with 9 tests in 1 suite failed after 0.899 seconds with 1 issue.

--- M3: the pair is not checked ---
◇ Test run started.
✔ Test "The transport is told the size the key really is" passed after 0.001 seconds.
✔ Test "Coverage is decided by address bytes, so an IPv6 literal matches its expanded form" passed after 0.001 seconds.
✔ Test "openssl is only run from a path another user could not have written" passed after 0.004 seconds.
✔ Test "Both of a child's pipes are drained, so a full error pipe cannot wedge the run" passed after 0.133 seconds.
✔ Test "A corrupt certificate is reported, and the pinned identity is left alone" passed after 0.565 seconds.
✘ Test "A key from another identity is refused as not a pair" recorded an issue at AuditS3CertificateStoreTests.swift:132:25: Issue recorded
↳ a certificate and a key from different identities were accepted
✔ Test "A certificate that does not name the hostnames asked for is refused" passed after 0.588 seconds.
✘ Test "A key from another identity is refused as not a pair" failed after 0.589 seconds with 1 issue.
✔ Test "The key size is read from the key rather than assumed to be 2048" passed after 0.590 seconds.
✔ Test "A directory with nothing in it still generates, and a second load reuses" passed after 0.753 seconds.
✘ Suite "The stored certificate is read, not assumed (A155)" failed after 0.753 seconds with 1 issue.
✘ Test run with 9 tests in 1 suite failed after 0.754 seconds with 1 issue.

--- M4: the hostnames are not checked against the certificate ---
◇ Test run started.
✔ Test "The transport is told the size the key really is" passed after 0.001 seconds.
✔ Test "Coverage is decided by address bytes, so an IPv6 literal matches its expanded form" passed after 0.001 seconds.
✔ Test "openssl is only run from a path another user could not have written" passed after 0.006 seconds.
✔ Test "Both of a child's pipes are drained, so a full error pipe cannot wedge the run" passed after 0.102 seconds.
✘ Test "A certificate that does not name the hostnames asked for is refused" recorded an issue at AuditS3CertificateStoreTests.swift:151:25: Issue recorded
↳ a certificate for localhost was accepted for 127.0.0.1 and ::1
✔ Test "A key from another identity is refused as not a pair" passed after 0.615 seconds.
✔ Test "A corrupt certificate is reported, and the pinned identity is left alone" passed after 0.653 seconds.
✘ Test "A certificate that does not name the hostnames asked for is refused" failed after 0.971 seconds with 1 issue.
✔ Test "A directory with nothing in it still generates, and a second load reuses" passed after 1.049 seconds.
✔ Test "The key size is read from the key rather than assumed to be 2048" passed after 1.099 seconds.
✘ Suite "The stored certificate is read, not assumed (A155)" failed after 1.100 seconds with 1 issue.
✘ Test run with 9 tests in 1 suite failed after 1.100 seconds with 1 issue.

--- M5: the transport is handed a hardcoded 2048 again ---
◇ Test run started.
✔ Test "A 3072-bit identity carries a real transport round trip" passed after 4.530 seconds.
✔ Test run with 1 test in 1 suite passed after 4.531 seconds.

--- M6: any executable path is trusted again ---
◇ Test run started.
✔ Test "Coverage is decided by address bytes, so an IPv6 literal matches its expanded form" passed after 0.001 seconds.
✔ Test "The transport is told the size the key really is" passed after 0.001 seconds.
✘ Test "openssl is only run from a path another user could not have written" recorded an issue at AuditS3CertificateStoreTests.swift:190:9: Expectation failed: CertificateStore.isTrustworthyExecutable(open.path) == false
↳ world-writable was accepted
✘ Test "openssl is only run from a path another user could not have written" recorded an issue at AuditS3CertificateStoreTests.swift:197:9: Expectation failed: CertificateStore.isTrustworthyExecutable(link.path) == false
✘ Test "openssl is only run from a path another user could not have written" recorded an issue at AuditS3CertificateStoreTests.swift:199:9: Expectation failed: CertificateStore.whichOpenSSL(in: [plain.path, open.path]) == nil
✘ Test "openssl is only run from a path another user could not have written" recorded an issue at AuditS3CertificateStoreTests.swift:200:9: Expectation failed: CertificateStore.whichOpenSSL(in: [plain.path, link.path, own.path]) == own.path
✘ Test "openssl is only run from a path another user could not have written" failed after 0.009 seconds with 4 issues.
✔ Test "Both of a child's pipes are drained, so a full error pipe cannot wedge the run" passed after 0.105 seconds.
✔ Test "A key from another identity is refused as not a pair" passed after 0.630 seconds.
✔ Test "A corrupt certificate is reported, and the pinned identity is left alone" passed after 0.737 seconds.
✔ Test "The key size is read from the key rather than assumed to be 2048" passed after 0.772 seconds.
✔ Test "A certificate that does not name the hostnames asked for is refused" passed after 0.978 seconds.
✔ Test "A directory with nothing in it still generates, and a second load reuses" passed after 1.189 seconds.
✘ Suite "The stored certificate is read, not assumed (A155)" failed after 1.189 seconds with 4 issues.
✘ Test run with 9 tests in 1 suite failed after 1.190 seconds with 4 issues.

--- RESTORED: unmutated again ---
◇ Test run started.
✔ Test "Coverage is decided by address bytes, so an IPv6 literal matches its expanded form" passed after 0.001 seconds.
✔ Test "The transport is told the size the key really is" passed after 0.001 seconds.
✔ Test "openssl is only run from a path another user could not have written" passed after 0.005 seconds.
✔ Test "Both of a child's pipes are drained, so a full error pipe cannot wedge the run" passed after 0.096 seconds.
✔ Test "A key from another identity is refused as not a pair" passed after 0.667 seconds.
✔ Test "The key size is read from the key rather than assumed to be 2048" passed after 0.745 seconds.
✔ Test "A corrupt certificate is reported, and the pinned identity is left alone" passed after 0.746 seconds.
✔ Test "A certificate that does not name the hostnames asked for is refused" passed after 0.883 seconds.
✔ Test "A directory with nothing in it still generates, and a second load reuses" passed after 0.950 seconds.
✔ Test run with 9 tests in 1 suite passed after 0.950 seconds.
◇ Test run started.
✔ Test "A 3072-bit identity carries a real transport round trip" passed after 4.825 seconds.
✔ Test run with 1 test in 1 suite passed after 4.831 seconds.
◇ Test run started.
✔ Test "Coverage is decided by address bytes, so an IPv6 literal matches its expanded form" passed after 0.697 seconds.
✔ Test "The transport is told the size the key really is" passed after 0.697 seconds.
✔ Test "openssl is only run from a path another user could not have written" passed after 0.697 seconds.
✔ Test "Both of a child's pipes are drained, so a full error pipe cannot wedge the run" passed after 0.697 seconds.
✔ Test "The private key is in the encoding the transport accepts" passed after 0.697 seconds.
✔ Test "The private key is not world-readable" passed after 0.697 seconds.
✔ Test "A key from another identity is refused as not a pair" passed after 0.697 seconds.
✔ Test "A corrupt certificate is reported, and the pinned identity is left alone" passed after 0.697 seconds.
✔ Test "The key size is read from the key rather than assumed to be 2048" passed after 0.697 seconds.
✔ Test "A key that is readable by others is made private again the next time it is loaded" passed after 1.034 seconds.
✔ Test "A directory with nothing in it still generates, and a second load reuses" passed after 1.051 seconds.
✔ Test "The same identity comes back on the next load, which is what pinning needs" passed after 1.127 seconds.
✔ Test "A partial identity on disk is reported with a way out, not silently replaced" passed after 1.162 seconds.
✔ Test "An identity is generated and is usable" passed after 1.368 seconds.
✔ Test "A certificate that does not name the hostnames asked for is refused" passed after 1.668 seconds.
✔ Test "Two separate stores have different identities" passed after 1.735 seconds.
✔ Test "A 3072-bit identity carries a real transport round trip" passed after 4.424 seconds.
✔ Test run with 17 tests in 3 suites passed after 4.425 seconds.

--- NOTE on M5 (the transport's key kind) ---
With the transport handed a hardcoded `.rsa(sizeInBits: 2048)` for a 3072-bit key, the end-to-end check
still passes: the library does not reject a wrong size hint, so no test distinguishes that line. The
change is kept because it is what the finding asks for and it cannot mislead anyone, and the mapping it
uses is pinned by "The transport is told the size the key really is". What is *measured* here is that the
round trip works with a 3072-bit identity.

--- FULL GATE at the fix commit (tools/audit-checks.sh) ---
PASS  build: swift build --build-tests
PASS  tests: 1001 tests in 181 suites
PASS  coverage: Sources/ TOTAL 6465 regions 2600 covered 59.78%, 20359 lines 9849 covered 51.62%
PASS  swiftlint: 253 finding(s), within the recorded waiver of 255
PASS  swift-format: 739 diagnostic(s), within the recorded waiver of 744
PASS  web: deltas merge (34 cases)

All 6 Mac-only gates passed.
