Building for debugging...
[Computing dependencies]
[Using on-disk description]
[1 / 42] ArgumentParser
[2 / 7] ChatBotsCoreTests-product
[4 / 11]
[6 / 11] ChatBotsCoreTests-product
[11 / 15] ChatBotsCoreTests-product
[13 / 15] ChatBotsCoreTests-product
warning: missing creator for mutated node: ('/Users/node1/Downloads/ChatBots/.build/out/Products/Debug/mlx-swift_Cmlx.bundle/Contents/MacOS')
Build complete! (7,61 secs)
◇ Test run started.
↳ Testing Library Version: 2084
↳ Target Platform: arm64e-apple-macos14.0
◇ Suite "The transport gate survives cancellation (A168)" started.
◇ Test "A waiter cancelled while queued does not take the gate with it" started.
◇ Test "A cancelled waiter does not block the live waiter behind it" started.
✘ Test "A cancelled waiter does not block the live waiter behind it" recorded an issue at AuditS1TransportGateTests.swift:47:9: Expectation failed: await waitUntil { await gate.waitingCount == 0 }
↳ the cancelled waiter is gone from the queue
↳ await waitUntil { await gate.waitingCount == 0 } → <not evaluated>
✘ Test "A waiter cancelled while queued does not take the gate with it" recorded an issue at AuditS1TransportGateTests.swift:28:9: Expectation failed: await waitUntil { await gate.waitingCount == 0 }
↳ a cancelled waiter leaves the queue instead of staying in it
↳ await waitUntil { await gate.waitingCount == 0 } → <not evaluated>
✘ Test "A waiter cancelled while queued does not take the gate with it" recorded an issue at AuditS1TransportGateTests.swift:34:9: Expectation failed: !held
↳ the gate is free, not handed to a task that is gone
↳ !held → <not evaluated>
↳   held → <not evaluated>
✘ Test "A cancelled waiter does not block the live waiter behind it" failed after 0.008 seconds with 1 issue.
✘ Test "A waiter cancelled while queued does not take the gate with it" failed after 0.008 seconds with 2 issues.
✘ Suite "The transport gate survives cancellation (A168)" failed after 0.008 seconds with 3 issues.
✘ Test run with 2 tests in 1 suite failed after 0.008 seconds with 3 issues.
Note: Some test targets reported failures:
  - ChatBotsCoreTests (Swift Testing)
