A177 — the app's window floor and zoom labels, and the declarations that went
Host: 27.0 / arm64, swift-driver version: 1.168.6 Apple Swift version 6.4 (swiftlang-6.4.0.34.1 clang-2100.3.34.1)

--- BASELINE: unmutated ---
✔ Test run with 5 tests in 1 suite passed after 0.003 seconds.

--- M1: the floor stops scaling (the width rule broken) ---
✘ Test "The floor rises at every step, so a bigger text never gets a smaller window" recorded an issue at AuditS3AppDeadDeclarationsTests.swift:38:13: Expectation failed: larger.width > smaller.width
✘ Test "The floor rises at every step, so a bigger text never gets a smaller window" recorded an issue at AuditS3AppDeadDeclarationsTests.swift:38:13: Expectation failed: larger.width > smaller.width
✘ Test "The floor rises at every step, so a bigger text never gets a smaller window" recorded an issue at AuditS3AppDeadDeclarationsTests.swift:38:13: Expectation failed: larger.width > smaller.width
✘ Test "The floor rises at every step, so a bigger text never gets a smaller window" recorded an issue at AuditS3AppDeadDeclarationsTests.swift:38:13: Expectation failed: larger.width > smaller.width
✘ Test "The floor rises at every step, so a bigger text never gets a smaller window" recorded an issue at AuditS3AppDeadDeclarationsTests.swift:38:13: Expectation failed: larger.width > smaller.width
✘ Test "The floor rises at every step, so a bigger text never gets a smaller window" recorded an issue at AuditS3AppDeadDeclarationsTests.swift:38:13: Expectation failed: larger.width > smaller.width
✘ Test "The floor is the base size at 100% and scales with the text" recorded an issue at AuditS3AppDeadDeclarationsTests.swift:28:9: Expectation failed: doubled == CGSize(width: 1440, height: 720)
✘ Test "The floor is the base size at 100% and scales with the text" recorded an issue at AuditS3AppDeadDeclarationsTests.swift:31:9: Expectation failed: smallest == CGSize(width: 612, height: 444)

--- M2: the layout carries a floor of its own again ---
✘ Test "The floor is stated once: neither the window nor the layout carries its own" recorded an issue at AuditS3AppDeadDeclarationsTests.swift:66:9: Expectation failed: content.contains("minWidth: zoom.minimumWindowSize.width")
✘ Test "The floor is stated once: neither the window nor the layout carries its own" recorded an issue at AuditS3AppDeadDeclarationsTests.swift:69:9: Expectation failed: !content.contains("700 * zoom.scale")
✘ Test "The floor is stated once: neither the window nor the layout carries its own" failed after 0.004 seconds with 2 issues.
✘ Test run with 5 tests in 1 suite failed after 0.005 seconds with 2 issues.

--- M3: the window keeps a number of its own ---
✘ Test "The floor is stated once: neither the window nor the layout carries its own" recorded an issue at AuditS3AppDeadDeclarationsTests.swift:72:9: Expectation failed: !app.contains("NSSize(width: 720, height: 480)")
✘ Test "The floor is stated once: neither the window nor the layout carries its own" failed after 0.004 seconds with 1 issue.
✘ Test run with 5 tests in 1 suite failed after 0.004 seconds with 1 issue.

--- M4: a removed declaration is referenced again (the compiler is the check) ---
error: SwiftCompile normal arm64 /Users/node1/Downloads/ChatBots/Sources/ChatBotsApp/ChatController.swift failed with a nonzero exit code. Command line:     cd /Users/node1/Downloads
/Users/node1/Downloads/ChatBots/Sources/ChatBotsApp/ChatController.swift:597:31: error: cannot find 'isDisplayingAnything' in scope
     |                               `- error: cannot find 'isDisplayingAnything' in scope
error: Build failed
error: fatalError

--- M5: the menu label stops naming the step ---
✘ Test "The menu's percentages are the steps its buttons take" recorded an issue at AuditS3AppDeadDeclarationsTests.swift:92:9: Expectation failed: zoom.nextLargerPercent == TextZoom.next(from: zoom.scale, larger: true).map(TextZoom.percent(of:))
✘ Test "The menu's percentages are the steps its buttons take" failed after 0.005 seconds with 1 issue.
✘ Test run with 5 tests in 1 suite failed after 0.005 seconds with 1 issue.

--- RESTORED: unmutated again ---
✔ Test run with 5 tests in 1 suite passed after 0.003 seconds.

--- What each mutation shows ---
M1 the floor stops scaling: the rule's own tests fail (the 200% size is no longer 1440×720, and the widths
   stop rising). M2 the layout carries a floor of its own, and M3 the window keeps a number of its own: the
   source check fails on the missing wiring and on the literal that came back — that check is why this
   finding cannot silently return, since a `frame`/`contentMinSize` value cannot be asserted without
   rendering a window. M4 a removed declaration referenced again: the *build* fails, which is the
   enforcement for the removals — a symbol with no reader cannot be missed by the compiler, and this is what
   says so. M5 the menu's percentage stops naming the step: the label test fails.

--- FULL GATE at the fix commit (tools/audit-checks.sh) ---
PASS  build: swift build --build-tests
PASS  tests: 1025 tests in 189 suites
PASS  coverage: Sources/ TOTAL 6505 regions 2573 covered 60.45%, 20529 lines 9839 covered 52.07%
PASS  swiftlint: 253 finding(s), within the recorded waiver of 255
PASS  swift-format: 739 diagnostic(s), within the recorded waiver of 744
PASS  web: deltas merge (34 cases)
PASS  web: the verdict rule (12 cases)

All 6 Mac-only gates passed.
