A179 — a comment once, and the environment object nothing read
Host: 27.0 / arm64, swift-driver version: 1.168.6 Apple Swift version 6.4 (swiftlang-6.4.0.34.1 clang-2100.3.34.1)

--- BASELINE: unmutated ---
✔ Test run with 3 tests in 1 suite passed after 0.018 seconds.

--- M1: the truncated copy of the coordinator comment returns ---
✘ Test "The sentence a comment repeats appears once" recorded an issue at AuditS3CommentAndInjectionTests.swift:28:9: Expectation failed: occurrences(of: "`@MainActor` because everything it touches", in: scroll) == 1
✘ Test "The sentence a comment repeats appears once" failed after 0.001 seconds with 1 issue.
✘ Test run with 3 tests in 1 suite failed after 0.017 seconds with 1 issue.

--- M2: the minimum-size sentence is written twice again ---
✘ Test "The sentence a comment repeats appears once" recorded an issue at AuditS3CommentAndInjectionTests.swift:36:9: Expectation failed: occurrences(of: "Minimums only — no maximum", in: content) == 1
✘ Test "The sentence a comment repeats appears once" failed after 0.001 seconds with 1 issue.
✘ Test run with 3 tests in 1 suite failed after 0.017 seconds with 1 issue.

--- M3: the settings store is injected again ---
✘ Test "No view asks for the settings store" recorded an issue at AuditS3CommentAndInjectionTests.swift:46:9: Expectation failed: !app.contains(".environmentObject(settings)")
✘ Test "No view asks for the settings store" failed after 0.017 seconds with 1 issue.
✘ Test run with 3 tests in 1 suite failed after 0.017 seconds with 1 issue.

--- M4: a view declares it (over-correction: removing the property instead of the injection) ---
✘ Test "No view asks for the settings store" recorded an issue at AuditS3CommentAndInjectionTests.swift:54:29: Issue recorded
✘ Test "No view asks for the settings store" failed after 0.016 seconds with 1 issue.
✘ Test run with 3 tests in 1 suite failed after 0.017 seconds with 1 issue.

--- M5: the store loses its owner (the mistake removing the injection invites) ---
error: SwiftCompile normal arm64 /Users/node1/Downloads/ChatBots/Sources/ChatBotsApp/ChatBotsApp.swift failed with a nonzero exit code. Command line:     cd /Users/node1/Downloads
/Users/node1/Downloads/ChatBots/Sources/ChatBotsApp/ChatBotsApp.swift:60:9: error: cannot find '_settings' in scope
    |         `- error: cannot find '_settings' in scope
/Users/node1/Downloads/ChatBots/Sources/ChatBotsApp/ChatBotsApp.swift:60:9: error: cannot find '_settings' in scope
    |         `- error: cannot find '_settings' in scope
error: Build failed

--- RESTORED: unmutated again ---
✔ Test run with 3 tests in 1 suite passed after 0.017 seconds.

--- What each mutation shows ---
M1 the truncated copy of the coordinator's rationale returns: the occurrence count fails, which is the only
thing that can see a comment. M2 the minimum-size sentence is written twice again: the same count, on the
other file. M3 the settings store is injected again: the injection check fails. M4 a view declares it: the
per-file scan over `Sources/ChatBotsApp` fails — that is the half of the finding that says *why* the
injection could not repaint anything. M5 the store loses its owner: **the build fails** (`cannot find
'_settings'`), which is the mistake removing an injection invites — the save callback holds the store
weakly, so the `@StateObject` is what keeps it alive, and the test that pins it exists for that.

--- FULL GATE at the fix commit (tools/audit-checks.sh) ---
PASS  build: swift build --build-tests
PASS  tests: 1031 tests in 191 suites
PASS  coverage: Sources/ TOTAL 6505 regions 2578 covered 60.37%, 20527 lines 9844 covered 52.04%
PASS  swiftlint: 253 finding(s), within the recorded waiver of 255
PASS  swift-format: 739 diagnostic(s), within the recorded waiver of 744
PASS  web: deltas merge (34 cases)
PASS  web: the verdict rule (12 cases)

All 6 Mac-only gates passed.
