# A182 — is the build older than the source? (2026-09-15T15:25:47Z)

## 1. the fixture
  binary     2026-01-02
  directory  2026-01-01   (its entry set has not changed: no file added or removed)
  file.swift 2026-01-03   (edited after the build)

## 2. before: the directory comparison the scripts used
$ [ /tmp/a182/src -nt /tmp/a182/binary ]; echo $?
  exit=1  (1 = "not newer", so the stale build is kept — the defect)

## 3. after: tools/source-newer.sh walks the tree
$ tools/source-newer.sh /tmp/a182/binary /tmp/a182/src; echo $?
  exit=0  (0 = rebuild, which is what the guard promises)

## 4. and it still says "up to date" when it is
$ touch the binary to 2026-01-04, then the same check
  exit=1  (1 = up to date, so no needless rebuild)
$ tools/source-newer.sh /tmp/a182/no-such-binary /tmp/a182/src
  exit=0  (0 = nothing built yet is as stale as it gets)

## 5. the callers, and the tools that check them
$ grep -n 'source-newer' tools/start.sh tools/start-app.sh
  tools/start.sh:279:# `tools/source-newer.sh` walks the trees: the directory mtimes this compared changed only when a
  tools/start.sh:281:if "$SCRIPT_DIR/source-newer.sh" "$BINARY" "$ROOT/web" "$ROOT/Sources"; then
  tools/start-app.sh:105:if [ -f "$BINARY" ] && "$SCRIPT_DIR/source-newer.sh" "$BINARY" "$ROOT/Sources"; then
$ shellcheck tools/source-newer.sh tools/start.sh tools/start-app.sh
  clean
