decoys — processes that mention the bundle without being it
  a shell renamed to a tail of the app's log
    old pattern kills it: yes, the stop path now kills it: no
  ok    the stop path does not take out a shell renamed to a tail of the app's log
  a shell named something else entirely
    old pattern kills it: no, the stop path now kills it: no
  ok    the stop path does not take out a shell named something else entirely

the case the stop path is for, and the one it cannot tell apart
  a process whose name is the bundle path
    the stop path matches it: yes (that is also the name the real app has, so nothing can tell them apart)
  ok    a process named as the app is matched
  a process named exactly ChatBots
    the stop path matches it: yes
  ok    the stop path matches a process named ChatBots

the name the script looks for, run against that process
  ok    the stop path finds a process named ChatBots

and the script says so
  ok    the stop path uses the exact name
  ok    the name pattern is gone
  ok    the header says what --stop does

all A190 probe checks passed
