Building for debugging...
[Computing dependencies]
[Using on-disk description]
[1 / 51] Jinja
[2 / 14] ChatBotsCore
[4 / 18]
[6 / 18] ChatBotsCore
[18 / 29] ChatBotsCore-product
[18 / 29] chatbots-probe-product
[20 / 29] chatbots-cli-product
[24 / 31] chatbots-probe-product
[25 / 33] chatbots-probe-product
[32 / 39] ChatBotsCoreTests-product
[33 / 41] ChatBots-product
[33 / 41] ChatBotsCoreTests-product
[33 / 41] ChatBots-product
[34 / 41] chatbots-cli-product
[36 / 41] chatbots-cli-product
[37 / 42] ChatBotsCoreTests-product
[41 / 45] ChatBotsCoreTests-product
[43 / 45] ChatBotsCoreTests-product
[44 / 44] ChatBots-product
[46 / 46] chatbots-cli-product
[48 / 48] chatbots-probe-product
warning: missing creator for mutated node: ('/Users/node1/Downloads/ChatBots/.build/out/Products/Debug/mlx-swift_Cmlx.bundle/Contents/MacOS')
Build complete! (12,74 secs)
◇ Test run started.
↳ Testing Library Version: 2084
↳ Target Platform: arm64e-apple-macos14.0
◇ Suite "A session accepted during stop() does not survive it (A198)" started.
◇ Test "A client that connects while the server is stopping is not left being served" started.
✔ Test "A client that connects while the server is stopping is not left being served" passed after 0.334 seconds.
✔ Suite "A session accepted during stop() does not survive it (A198)" passed after 0.334 seconds.
✔ Test run with 1 test in 1 suite passed after 0.334 seconds.
