# A199 — the social reader matched ids where the models write names (2026-09-15T15:44:56Z)

## 1. before: the two strings
$ git show HEAD:Sources/ChatBotsCore/ConversationEngine.swift | grep -n "seats.map" | head -3
  285:    public var specs: [AgentSpec] { seats.map(\.spec) }
  340:        seats.map { seat in
  725:            participants: seats.map { $0.spec.displayName },
$ git show HEAD:Sources/ChatBotsCore/ConflictReader.swift | grep -n "namedTarget(in: lowered, others"
  41:        let target = namedTarget(in: lowered, others: others) ?? previousSpeaker
$ git show HEAD:Sources/ChatBotsCore/ConflictState.swift | grep -n "Towards"
  394:            var line = "Towards \(other): \(feeling.posture)"
  (others is the id list; the text is matched against it; the briefing prints it)

$ swift test --filter SocialNameTests   # before
  ✘ Test "The briefing names the person, not the seat id" recorded an issue at AuditS2SocialNameTests.swift:61:9: Expectation failed: named.relationship
  ✘ Test "The briefing names the person, not the seat id" recorded an issue at AuditS2SocialNameTests.swift:63:9: Expectation failed: !named.relationshi
  ✘ Test "The briefing names the person, not the seat id" failed after 0.001 seconds with 2 issues.
  ✘ Test "A peer addressed by name resolves to that seat's id" recorded an issue at AuditS2SocialNameTests.swift:33:9: Expectation failed: jab?.target =
  ✘ Test "A peer addressed by name resolves to that seat's id" failed after 0.001 seconds with 1 issue.
  ✘ Test run with 5 tests in 1 suite failed after 0.001 seconds with 3 issues.

## 2. after
$ grep -n 'names:' Sources/ChatBotsCore/ConversationEngine.swift Sources/ChatBotsCore/PromptBuilder.swift | head -4
  Sources/ChatBotsCore/ConversationEngine.swift:1002:                        names: Self.nameIndex(seats.map(\.spec)),
  Sources/ChatBotsCore/PromptBuilder.swift:318:            names: Dictionary(
$ swift test --filter SocialNameTests   # after
  ✔ Test run with 5 tests in 1 suite passed after 0.001 seconds.

## 3. what the state is at the end
  The test file's formatting and one interpolation were corrected after this log was written:
  the shape swift-format wants for a multi-argument call with a trailing closure, and a
  literal backslash that had been written instead of an interpolation. The assertions and the
  two code sites above are unchanged by that. Final: swiftlint 254, authored swift-format 742,
  full suite 904 tests in 159 suites.
