# A203 — a claim sent back to its author (2026-09-15T15:38:59Z)

## 1. before: the rule excluded only the last speaker
$ git show HEAD:Sources/ChatBotsCore/ResearchDirector.swift | grep -n 'private func seatFor' -A 4
  705:    private func seatFor(_ question: ResearchSubQuestion) -> String? {
  706-        let fitting = rankedSeats(for: question)
  707-        if let pick = fitting.first(where: { $0.id != lastSpeakerID }) { return pick.id }
  708-        return nil
  709-    }
$ git show HEAD:Sources/ChatBotsCore/ResearchDirector.swift | grep -n 'unsupported.first' -A 1
  566:        if let gap = unsupported.first, let seat = seatFor(.methodology) {
  567-            let name = instructionName(gap.seatID)

$ swift test --filter ResearchDirectorAuthorTests   # before
  ✘ Test "When the author is the only analyst who fits, the rule is skipped rather than reversed" recorded an issue at ResearchDirectorTests.swift:790:9: Expectat
  ✘ Test "The claim is given to someone other than the analyst who made it" recorded an issue at ResearchDirectorTests.swift:774:9: Expectation failed: direction.
  ✘ Test "When the author is the only analyst who fits, the rule is skipped rather than reversed" failed after 0.001 seconds with 1 issue.
  ✔ Test "The counterweight: a claim by someone else still goes to the fitting analyst" passed after 0.001 seconds.
  ✘ Test "The claim is given to someone other than the analyst who made it" failed after 0.001 seconds with 1 issue.
  ✘ Test run with 3 tests in 1 suite failed after 0.002 seconds with 2 issues.

## 2. after
$ grep -n 'excluding' Sources/ChatBotsCore/ResearchDirector.swift
  566:        // `excluding: gap.seatID` — the comment above this rule says asking the author to answer
  568:        if let gap = unsupported.first, let seat = seatFor(.methodology, excluding: gap.seatID) {
  707:    /// `excluding` is how a caller says "anyone but this one". The unsupported-claim rule passes the
  711:    private func seatFor(_ question: ResearchSubQuestion, excluding excluded: String? = nil) -> String? {
$ swift test --filter ResearchDirectorAuthorTests   # after
  ✔ Test run with 3 tests in 1 suite passed after 0.001 seconds.
