# A215 — controlled before/after of the per-attempt connect deadline (2026-09-15)
# same binary, same directory, same port; the only difference is
#   clientConfiguration.connectTimeoutMilliseconds = min(2000, timeout)

## BEFORE (line removed): the first attempt waits out the whole 30 s budget
$ chatbots-cli --check-transport
  certificate   55:B2:6C:...:51:03
  connected     NO
  round trips   0
  state         NOT RECEIVED
  refusal       NOT REFUSED
  sessions      0
  failures:     connect across processes: gave up after 30.0 seconds —
                Could not connect to the conversation engine: network runtime operation timed out after 30000ms
  exit 2, after 31.5 s

## AFTER (line present): the second attempt catches the engine that came up in between
$ chatbots-cli --check-transport
WebTransport check
  certificate   55:B2:6C:62:81:75:4D:F4:EC:DB:98:70:C8:F4:5B:C9:12:C0:55:1B:FB:93:03:60:70:ED:33:CE:FB:9F:51:03
  connected     yes
  round trips   5
  state         received
  output event  not seen (no model loaded)
  refusal       refused as expected
  sessions      1

The transport works: requests, replies, refusals and events all arrived.
exit: 0, after 3.4 s

# The check went from "the transport does NOT work" (exit 2, 31.5 s) to "The transport
# works" (exit 0, 3.4 s) on the same machine, the same port and the same engine: the
# engine was never the problem, the check simply never gave itself a second attempt.
