# A215 — the full Mac gate, after the fix (2026-09-15)

$ bash tools/audit-checks.sh

=== 1/6  build: products and tests, warnings are errors ===
PASS  build: swift build --build-tests

=== 2/6  tests: the full suite ===
      913 tests in 161 suites
PASS  tests: 913 tests in 161 suites

=== 3/6  coverage: Sources/ ===
      TOTAL   6227  2632  57.73%   2409  1119  53.55%   19685  9813  50.15%
PASS  coverage: TOTAL 57.73% lines

=== 4/6  swiftlint: Sources, Tests ===
PASS  swiftlint: 254 finding(s), within the recorded waiver of 255

=== 5/6  swift-format lint: Sources, Tests ===
PASS  swift-format: 739 diagnostic(s), within the recorded waiver of 744

=== 6/6  web: the merge that turns per-token events into live text ===
PASS  web: deltas merge (26 cases)

All 6 Mac-only gates passed.

# Before this task the suite was 908 tests in 161 suites: the five added here are the live
# transport-check test, two attempt-deadline tests and two run-directory tests. Lint and format
# are unchanged against HEAD (254/255 and 739/744), measured with the gate's own commands on a
# `git worktree` of the parent commit rather than assumed.
