Building for debugging...
[Computing dependencies]
[Pre-planning 1 / 1304]
[Planning 1241 / 1304]
[Planning deferred tasks]
[Starting]
[4 / 402] swift-crypto_Crypto
[4 / 399]
[14 / 407] ArgumentParserToolInfo
[16 / 429]
[22 / 506]
[29 / 515] InternalCollectionsUtilities
[36 / 552]
[44 / 552]
[51 / 552]
[60 / 565]
[69 / 565]
[77 / 565]
[85 / 565]
[91 / 596] RealModule
[99 / 596]
[103 / 596]
[107 / 596]
[114 / 597]
[120 / 600] InternalCollectionsUtilities
[124 / 610] InternalCollectionsUtilities
[128 / 610] InternalCollectionsUtilities
[130 / 610]
[137 / 611]
[143 / 614] OrderedCollections
[145 / 614]
[152 / 623]
[158 / 623]
[162 / 623]
[169 / 623]
[174 / 623]
[178 / 623] MLXHuggingFaceMacros
[180 / 623]
[181 / 623] OrderedCollections
[186 / 623]
[191 / 623]
[194 / 623]
[197 / 623]
[198 / 623]
[198 / 623] OrderedCollections
[202 / 623] WebTransportSecurityShim
[204 / 623] yyjson
[205 / 623] OrderedCollections
[213 / 623] InternalCollectionsUtilities
[222 / 625] EventSource
[226 / 628] Jinja
[231 / 628] WebTransportUDPApple
[236 / 637] WebTransportQUICCore
[243 / 639] WebTransportQUICCore
[247 / 647] WebTransportCryptoApple
[254 / 668] WebTransportUDPApple
[260 / 672]
[263 / 672] WebTransportTLSCore
[267 / 672] WebTransportCryptoApple
[272 / 673] WebTransportHTTP3Core
[273 / 674] WebTransportTLSCore
[278 / 674] WebTransportTLSCore
[280 / 674] WebTransportTLSCore
[282 / 674] WebTransportTLSCore
[286 / 675] WebTransportHTTP3Core
[290 / 676] WebTransportTLSCore
[291 / 676] WebTransportUDPApple
[293 / 677] WebTransportNetworkRuntime
[297 / 685]
[301 / 685] WebTransportNetworkRuntime
[302 / 685] WebTransportNetworkRuntime
[303 / 682] WebTransportNetworkRuntime
[308 / 683] WebTransport
[310 / 683] Jinja
[311 / 685] WebTransport
[312 / 685] WebTransport
[320 / 685] HuggingFace
[323 / 685] Crypto
[326 / 685] ComplexModule
[328 / 721] WebTransport
[334 / 721]
[338 / 721]
[342 / 721] WebTransport
[346 / 724]
[349 / 726] ComplexModule
[354 / 727]
[358 / 727] Numerics
[363 / 727] ArgumentParserToolInfo
[365 / 730] ComplexModule
[368 / 730] ComplexModule
[372 / 730] WebTransportQUICCore
[379 / 739] RealModule
[382 / 740] ArgumentParser
[382 / 740] ArgumentParserToolInfo
[383 / 740]
[385 / 740] ArgumentParser
[389 / 740] ArgumentParser
[393 / 743]
[396 / 743] ArgumentParser
[398 / 749] encuda-product
[400 / 749] encuda-product
[401 / 749] encuda-product
[402 / 749] encuda-product
[404 / 749] encuda-product
[408 / 749] HuggingFace
[408 / 749] ArgumentParser
[413 / 749] HuggingFace
[413 / 749] ArgumentParser
[414 / 749] HuggingFace
[419 / 749] ComplexModule
[421 / 749] WebTransportTLSCore
[425 / 750] WebTransportNetworkRuntime
[426 / 750] encuda-product
[430 / 750] HuggingFace
[431 / 750] MLX
[433 / 761]
[435 / 761] Cmlx
[438 / 761] Cmlx
[440 / 761] HuggingFace
[443 / 762] HuggingFace
[445 / 762] Cmlx
[448 / 762] Cmlx
[455 / 759] Cmlx
[460 / 759] Cmlx
[462 / 759] Cmlx
[466 / 759] Cmlx
[470 / 759] Cmlx
[472 / 759] Cmlx
[479 / 759] Cmlx
[482 / 759] Cmlx
[484 / 759] Cmlx
[488 / 759] Cmlx
[490 / 759] Cmlx
[494 / 759] Cmlx
[495 / 759] Cmlx
[500 / 759] Cmlx
[501 / 759] Cmlx
[502 / 759] Cmlx
[508 / 759] Cmlx
[509 / 759] Cmlx
[510 / 759] Cmlx
[511 / 759] Cmlx
[512 / 759] Cmlx
[514 / 759] Cmlx
[515 / 759] Cmlx
[517 / 759] Cmlx
[518 / 759] Cmlx
[519 / 759] Cmlx
[520 / 759] Cmlx
[521 / 759] Cmlx
[524 / 759] Cmlx
[526 / 759] Cmlx
[528 / 759] Cmlx
[531 / 759] Cmlx
[533 / 759] Cmlx
[534 / 759] Cmlx
[536 / 759] Cmlx
[537 / 759] Cmlx
[538 / 759] Cmlx
[541 / 759] Cmlx
[542 / 759] Cmlx
[544 / 759] Cmlx
[545 / 759] Cmlx
[546 / 759] Cmlx
[548 / 759] Cmlx
[549 / 759] Cmlx
[551 / 759] Cmlx
[555 / 759] Cmlx
[560 / 759] Cmlx
[563 / 759] Cmlx
[568 / 759] Cmlx
[569 / 759] Cmlx
[571 / 759] Cmlx
[572 / 759] Cmlx
[573 / 759] Cmlx
[574 / 759] Cmlx
[575 / 759] Cmlx
[577 / 759] Cmlx
[580 / 759] Cmlx
[581 / 759] Cmlx
[582 / 759] Cmlx
[584 / 759] Cmlx
[586 / 759] Cmlx
[587 / 759] Cmlx
[589 / 759] Cmlx
[590 / 759] Cmlx
[593 / 759] Cmlx
[594 / 759] Cmlx
[598 / 759] Cmlx
[599 / 759] Cmlx
[601 / 759] Cmlx
[603 / 759] Cmlx
[604 / 759] Cmlx
[605 / 759] Cmlx
[607 / 759] Cmlx
[611 / 759] Cmlx
[612 / 759] Cmlx
[613 / 759] Cmlx
[614 / 759] Cmlx
[615 / 759] Cmlx
[616 / 759] Cmlx
warning: missing creator for mutated node: ('/Users/node1/Downloads/ChatBots/.build/out/Products/Debug/mlx-swift_Cmlx.bundle/Contents/MacOS')
[619 / 759] mlx-swift_Cmlx
[619 / 759] Cmlx
[621 / 759] mlx-swift_Cmlx
[621 / 759] Cmlx
[622 / 759] Cmlx
[623 / 759] Cmlx
[625 / 759] mlx-swift_Cmlx
[627 / 759] MLX
[631 / 759] MLX
[632 / 759] MLX
In file included from /Users/node1/Downloads/ChatBots/.build/checkouts/mlx-swift/Source/Cmlx/mlx-generated/metal/steel/attn/kernels/steel_attention.metal:6:
In file included from /Users/node1/Downloads/ChatBots/.build/checkouts/mlx-swift/Source/Cmlx/mlx-generated/metal/steel/attn/kernels/../../../steel/attn/kernels/steel_attention.h:3:
In file included from /Users/node1/Downloads/ChatBots/.build/checkouts/mlx-swift/Source/Cmlx/mlx-generated/metal/steel/attn/kernels/../../../steel/attn/attn.h:6:
In file included from /Users/node1/Downloads/ChatBots/.build/checkouts/mlx-swift/Source/Cmlx/mlx-generated/metal/steel/attn/kernels/../../../steel/attn/../../steel/attn/mma.h:11:
/Users/node1/Downloads/ChatBots/.build/checkouts/mlx-swift/Source/Cmlx/mlx-generated/metal/steel/attn/kernels/../../../steel/attn/../../steel/utils/integral_constant.h:108:6: warning: constexpr if is a C++17 extension [-Wc++17-extensions]
  if constexpr (start < stop) {
     ^
In file included from /Users/node1/Downloads/ChatBots/.build/checkouts/mlx-swift/Source/Cmlx/mlx-generated/metal/steel/attn/kernels/steel_attention.metal:6:
/Users/node1/Downloads/ChatBots/.build/checkouts/mlx-swift/Source/Cmlx/mlx-generated/metal/steel/attn/kernels/../../../steel/attn/kernels/steel_attention.h:356:16: warning: constexpr if is a C++17 extension [-Wc++17-extensions]
            if constexpr (is_bool) {
               ^
/Users/node1/Downloads/ChatBots/.build/checkouts/mlx-swift/Source/Cmlx/mlx-generated/metal/steel/attn/kernels/../../../steel/attn/kernels/steel_attention.h:426:14: warning: constexpr if is a C++17 extension [-Wc++17-extensions]
          if constexpr (BD == 128) {
             ^
/Users/node1/Downloads/ChatBots/.build/checkouts/mlx-swift/Source/Cmlx/mlx-generated/metal/steel/attn/kernels/../../../steel/attn/kernels/steel_attention.h:436:14: warning: constexpr if is a C++17 extension [-Wc++17-extensions]
          if constexpr (BD == 128) {
             ^
4 warnings generated.
[634 / 759] MLX
[636 / 760] Hub
[637 / 760] Hub
[638 / 762]
[641 / 791]
[645 / 791]
[646 / 791]
[649 / 791]
[654 / 864] MLXNN
[660 / 864]
[664 / 864]
[666 / 864]
[670 / 864]
[676 / 864]
[682 / 864]
[687 / 873]
[689 / 873]
[689 / 873] MLX
[693 / 873] MLXNN
[694 / 873]
[696 / 873]
[700 / 873] MLXNN
[709 / 873] MLXNN
[714 / 873]
[718 / 873]
[723 / 873]
[727 / 873]
[730 / 874]
[732 / 874]
[738 / 877]
[745 / 877]
[747 / 878] MLXOptimizers
[749 / 878]
[755 / 878]
[759 / 878]
[762 / 878]
[766 / 897]
[769 / 897]
[773 / 897]
[776 / 897]
[781 / 897] Cmlx
[784 / 897]
[793 / 897]
[796 / 897] MLXLMCommon
[802 / 897] MLXLMCommon
[803 / 897] MLXLMCommon
[804 / 897] Hub
[805 / 897] Hub
[807 / 897] Hub
[809 / 894] Hub
[813 / 897] MLXLLM
[813 / 897]
[816 / 915] MLXVLM
[817 / 915] Tokenizers
[820 / 924] Tokenizers
[827 / 924] Tokenizers
[831 / 924] Tokenizers-product
[832 / 924] Tokenizers
[835 / 924] Tokenizers
[838 / 924] MLXVLM
[844 / 924] MLXVLM
[848 / 924] MLXVLM-product
[851 / 924] MLXLLM
[857 / 924] MLXLLM
[858 / 924] MLXLLM-product
[859 / 924] MLXLLM-product
[860 / 924] MLXLLM-product
[864 / 924]
[865 / 925] MLXLMCommon
[866 / 925] MLXLMCommon-product
[867 / 925] MLXLLM
[867 / 925] MLXHuggingFace
[869 / 927] MLXLLM
[869 / 927] MLXHuggingFace
[878 / 928] MLXLLM
[883 / 943]
[884 / 943]
[892 / 943] ChatBotsCore
[895 / 943] MLXLLM
[901 / 943] ChatBotsCore
[911 / 945]
[912 / 946] ChatBotsCore
[912 / 946] chatbots-probe-product
[917 / 960]
[919 / 960] chatbots-probe-product
[922 / 960] chatbots-probe-product
[924 / 960] ChatBots-product
[926 / 960] ChatBots-product
[928 / 960] ChatBots-product
[929 / 960] ChatBotsCore
[930 / 960] ChatBots-product
[931 / 960] ChatBotsCore
[933 / 960] ChatBotsCore-product
[934 / 960] ChatBotsCoreTests-product
[936 / 961] ChatBotsCoreTests-product
[939 / 961] chatbots-probe-product
[940 / 961] chatbots-probe-product
[941 / 961] ChatBots-product
[942 / 974] chatbots-cli-product
[945 / 974]
[947 / 974]
[955 / 974] ChatBotsCoreTests-product
[956 / 974] ChatBotsCoreTests-product
[964 / 974] chatbots-cli-product
[966 / 974] ChatBots-product
[967 / 974] chatbots-cli-product
[967 / 974] ChatBots-product
[968 / 974] ChatBotsCoreTests-product
[970 / 974] ChatBotsCoreTests-product
[972 / 974] ChatBotsCoreTests-product
Build complete! (109,80 secs)
